Archive member included to satisfy reference by file (symbol)

c:/st/stm32cubeide_1.7.0/stm32cubeide/plugins/com.st.stm32cube.ide.mcu.externaltools.gnu-tools-for-stm32.9-2020-q2-update.win32_2.0.0.202105311346/tools/bin/../lib/gcc/arm-none-eabi/9.3.1/../../../../arm-none-eabi/lib/thumb/v7-m/nofp\libc_nano.a(lib_a-errno.o)
                              ./Core/Src/syscalls.o (__errno)
c:/st/stm32cubeide_1.7.0/stm32cubeide/plugins/com.st.stm32cube.ide.mcu.externaltools.gnu-tools-for-stm32.9-2020-q2-update.win32_2.0.0.202105311346/tools/bin/../lib/gcc/arm-none-eabi/9.3.1/../../../../arm-none-eabi/lib/thumb/v7-m/nofp\libc_nano.a(lib_a-exit.o)
                              c:/st/stm32cubeide_1.7.0/stm32cubeide/plugins/com.st.stm32cube.ide.mcu.externaltools.gnu-tools-for-stm32.9-2020-q2-update.win32_2.0.0.202105311346/tools/bin/../lib/gcc/arm-none-eabi/9.3.1/../../../../arm-none-eabi/lib/thumb/v7-m/nofp/crt0.o (exit)
c:/st/stm32cubeide_1.7.0/stm32cubeide/plugins/com.st.stm32cube.ide.mcu.externaltools.gnu-tools-for-stm32.9-2020-q2-update.win32_2.0.0.202105311346/tools/bin/../lib/gcc/arm-none-eabi/9.3.1/../../../../arm-none-eabi/lib/thumb/v7-m/nofp\libc_nano.a(lib_a-impure.o)
                              c:/st/stm32cubeide_1.7.0/stm32cubeide/plugins/com.st.stm32cube.ide.mcu.externaltools.gnu-tools-for-stm32.9-2020-q2-update.win32_2.0.0.202105311346/tools/bin/../lib/gcc/arm-none-eabi/9.3.1/../../../../arm-none-eabi/lib/thumb/v7-m/nofp\libc_nano.a(lib_a-exit.o) (_global_impure_ptr)
c:/st/stm32cubeide_1.7.0/stm32cubeide/plugins/com.st.stm32cube.ide.mcu.externaltools.gnu-tools-for-stm32.9-2020-q2-update.win32_2.0.0.202105311346/tools/bin/../lib/gcc/arm-none-eabi/9.3.1/../../../../arm-none-eabi/lib/thumb/v7-m/nofp\libc_nano.a(lib_a-init.o)
                              c:/st/stm32cubeide_1.7.0/stm32cubeide/plugins/com.st.stm32cube.ide.mcu.externaltools.gnu-tools-for-stm32.9-2020-q2-update.win32_2.0.0.202105311346/tools/bin/../lib/gcc/arm-none-eabi/9.3.1/../../../../arm-none-eabi/lib/thumb/v7-m/nofp/crt0.o (__libc_init_array)
c:/st/stm32cubeide_1.7.0/stm32cubeide/plugins/com.st.stm32cube.ide.mcu.externaltools.gnu-tools-for-stm32.9-2020-q2-update.win32_2.0.0.202105311346/tools/bin/../lib/gcc/arm-none-eabi/9.3.1/../../../../arm-none-eabi/lib/thumb/v7-m/nofp\libc_nano.a(lib_a-memset.o)
                              c:/st/stm32cubeide_1.7.0/stm32cubeide/plugins/com.st.stm32cube.ide.mcu.externaltools.gnu-tools-for-stm32.9-2020-q2-update.win32_2.0.0.202105311346/tools/bin/../lib/gcc/arm-none-eabi/9.3.1/../../../../arm-none-eabi/lib/thumb/v7-m/nofp/crt0.o (memset)
c:/st/stm32cubeide_1.7.0/stm32cubeide/plugins/com.st.stm32cube.ide.mcu.externaltools.gnu-tools-for-stm32.9-2020-q2-update.win32_2.0.0.202105311346/tools/bin/../lib/gcc/arm-none-eabi/9.3.1/../../../../arm-none-eabi/lib/thumb/v7-m/nofp\libc_nano.a(lib_a-printf.o)
                              ./Core/Src/scheduler.o (printf)
c:/st/stm32cubeide_1.7.0/stm32cubeide/plugins/com.st.stm32cube.ide.mcu.externaltools.gnu-tools-for-stm32.9-2020-q2-update.win32_2.0.0.202105311346/tools/bin/../lib/gcc/arm-none-eabi/9.3.1/../../../../arm-none-eabi/lib/thumb/v7-m/nofp\libc_nano.a(lib_a-time.o)
                              ./Core/Src/scheduler.o (time)
c:/st/stm32cubeide_1.7.0/stm32cubeide/plugins/com.st.stm32cube.ide.mcu.externaltools.gnu-tools-for-stm32.9-2020-q2-update.win32_2.0.0.202105311346/tools/bin/../lib/gcc/arm-none-eabi/9.3.1/../../../../arm-none-eabi/lib/thumb/v7-m/nofp\libc_nano.a(lib_a-findfp.o)
                              c:/st/stm32cubeide_1.7.0/stm32cubeide/plugins/com.st.stm32cube.ide.mcu.externaltools.gnu-tools-for-stm32.9-2020-q2-update.win32_2.0.0.202105311346/tools/bin/../lib/gcc/arm-none-eabi/9.3.1/../../../../arm-none-eabi/lib/thumb/v7-m/nofp\libc_nano.a(lib_a-printf.o) (__sinit)
c:/st/stm32cubeide_1.7.0/stm32cubeide/plugins/com.st.stm32cube.ide.mcu.externaltools.gnu-tools-for-stm32.9-2020-q2-update.win32_2.0.0.202105311346/tools/bin/../lib/gcc/arm-none-eabi/9.3.1/../../../../arm-none-eabi/lib/thumb/v7-m/nofp\libc_nano.a(lib_a-fwalk.o)
                              c:/st/stm32cubeide_1.7.0/stm32cubeide/plugins/com.st.stm32cube.ide.mcu.externaltools.gnu-tools-for-stm32.9-2020-q2-update.win32_2.0.0.202105311346/tools/bin/../lib/gcc/arm-none-eabi/9.3.1/../../../../arm-none-eabi/lib/thumb/v7-m/nofp\libc_nano.a(lib_a-findfp.o) (_fwalk)
c:/st/stm32cubeide_1.7.0/stm32cubeide/plugins/com.st.stm32cube.ide.mcu.externaltools.gnu-tools-for-stm32.9-2020-q2-update.win32_2.0.0.202105311346/tools/bin/../lib/gcc/arm-none-eabi/9.3.1/../../../../arm-none-eabi/lib/thumb/v7-m/nofp\libc_nano.a(lib_a-gettimeofdayr.o)
                              c:/st/stm32cubeide_1.7.0/stm32cubeide/plugins/com.st.stm32cube.ide.mcu.externaltools.gnu-tools-for-stm32.9-2020-q2-update.win32_2.0.0.202105311346/tools/bin/../lib/gcc/arm-none-eabi/9.3.1/../../../../arm-none-eabi/lib/thumb/v7-m/nofp\libc_nano.a(lib_a-time.o) (_gettimeofday_r)
[...]
Memory Configuration

Name             Origin             Length             Attributes
RAM              0x0000000020000000 0x0000000000005000 xrw
FLASH            0x0000000008000000 0x0000000000020000 xr
*default*        0x0000000000000000 0xffffffffffffffff

Linker script and memory map

LOAD c:/st/stm32cubeide_1.7.0/stm32cubeide/plugins/com.st.stm32cube.ide.mcu.externaltools.gnu-tools-for-stm32.9-2020-q2-update.win32_2.0.0.202105311346/tools/bin/../lib/gcc/arm-none-eabi/9.3.1/thumb/v7-m/nofp/crti.o
LOAD c:/st/stm32cubeide_1.7.0/stm32cubeide/plugins/com.st.stm32cube.ide.mcu.externaltools.gnu-tools-for-stm32.9-2020-q2-update.win32_2.0.0.202105311346/tools/bin/../lib/gcc/arm-none-eabi/9.3.1/thumb/v7-m/nofp/crtbegin.o
LOAD c:/st/stm32cubeide_1.7.0/stm32cubeide/plugins/com.st.stm32cube.ide.mcu.externaltools.gnu-tools-for-stm32.9-2020-q2-update.win32_2.0.0.202105311346/tools/bin/../lib/gcc/arm-none-eabi/9.3.1/../../../../arm-none-eabi/lib/thumb/v7-m/nofp/crt0.o
LOAD ./Core/Src/button.o
LOAD ./Core/Src/fsm_manual.o
LOAD ./Core/Src/fsm_traffic_light.o
LOAD ./Core/Src/global.o
LOAD ./Core/Src/main.o
LOAD ./Core/Src/ped_fsm.o
LOAD ./Core/Src/ped_manual.o
LOAD ./Core/Src/physical.o
LOAD ./Core/Src/scheduler.o
LOAD ./Core/Src/software_timer.o
LOAD ./Core/Src/stm32f1xx_hal_msp.o
LOAD ./Core/Src/stm32f1xx_it.o
LOAD ./Core/Src/syscalls.o
LOAD ./Core/Src/sysmem.o
LOAD ./Core/Src/system_stm32f1xx.o
LOAD ./Core/Startup/startup_stm32f103rbtx.o
LOAD ./Drivers/STM32F1xx_HAL_Driver/Src/stm32f1xx_hal.o
LOAD ./Drivers/STM32F1xx_HAL_Driver/Src/stm32f1xx_hal_cortex.o
LOAD ./Drivers/STM32F1xx_HAL_Driver/Src/stm32f1xx_hal_dma.o
LOAD ./Drivers/STM32F1xx_HAL_Driver/Src/stm32f1xx_hal_exti.o
LOAD ./Drivers/STM32F1xx_HAL_Driver/Src/stm32f1xx_hal_flash.o
LOAD ./Drivers/STM32F1xx_HAL_Driver/Src/stm32f1xx_hal_flash_ex.o
LOAD ./Drivers/STM32F1xx_HAL_Driver/Src/stm32f1xx_hal_gpio.o
LOAD ./Drivers/STM32F1xx_HAL_Driver/Src/stm32f1xx_hal_gpio_ex.o
LOAD ./Drivers/STM32F1xx_HAL_Driver/Src/stm32f1xx_hal_pwr.o
LOAD ./Drivers/STM32F1xx_HAL_Driver/Src/stm32f1xx_hal_rcc.o
LOAD ./Drivers/STM32F1xx_HAL_Driver/Src/stm32f1xx_hal_rcc_ex.o
LOAD ./Drivers/STM32F1xx_HAL_Driver/Src/stm32f1xx_hal_tim.o
LOAD ./Drivers/STM32F1xx_HAL_Driver/Src/stm32f1xx_hal_tim_ex.o
LOAD ./Drivers/STM32F1xx_HAL_Driver/Src/stm32f1xx_hal_uart.o
START GROUP
LOAD c:/st/stm32cubeide_1.7.0/stm32cubeide/plugins/com.st.stm32cube.ide.mcu.externaltools.gnu-tools-for-stm32.9-2020-q2-update.win32_2.0.0.202105311346/tools/bin/../lib/gcc/arm-none-eabi/9.3.1/../../../../arm-none-eabi/lib/thumb/v7-m/nofp\libc_nano.a
LOAD c:/st/stm32cubeide_1.7.0/stm32cubeide/plugins/com.st.stm32cube.ide.mcu.externaltools.gnu-tools-for-stm32.9-2020-q2-update.win32_2.0.0.202105311346/tools/bin/../lib/gcc/arm-none-eabi/9.3.1/../../../../arm-none-eabi/lib/thumb/v7-m/nofp\libm.a
END GROUP
START GROUP
LOAD c:/st/stm32cubeide_1.7.0/stm32cubeide/plugins/com.st.stm32cube.ide.mcu.externaltools.gnu-tools-for-stm32.9-2020-q2-update.win32_2.0.0.202105311346/tools/bin/../lib/gcc/arm-none-eabi/9.3.1/thumb/v7-m/nofp\libgcc.a
LOAD c:/st/stm32cubeide_1.7.0/stm32cubeide/plugins/com.st.stm32cube.ide.mcu.externaltools.gnu-tools-for-stm32.9-2020-q2-update.win32_2.0.0.202105311346/tools/bin/../lib/gcc/arm-none-eabi/9.3.1/../../../../arm-none-eabi/lib/thumb/v7-m/nofp\libc_nano.a
END GROUP
START GROUP
LOAD c:/st/stm32cubeide_1.7.0/stm32cubeide/plugins/com.st.stm32cube.ide.mcu.externaltools.gnu-tools-for-stm32.9-2020-q2-update.win32_2.0.0.202105311346/tools/bin/../lib/gcc/arm-none-eabi/9.3.1/thumb/v7-m/nofp\libgcc.a
LOAD c:/st/stm32cubeide_1.7.0/stm32cubeide/plugins/com.st.stm32cube.ide.mcu.externaltools.gnu-tools-for-stm32.9-2020-q2-update.win32_2.0.0.202105311346/tools/bin/../lib/gcc/arm-none-eabi/9.3.1/../../../../arm-none-eabi/lib/thumb/v7-m/nofp\libc_nano.a
LOAD c:/st/stm32cubeide_1.7.0/stm32cubeide/plugins/com.st.stm32cube.ide.mcu.externaltools.gnu-tools-for-stm32.9-2020-q2-update.win32_2.0.0.202105311346/tools/bin/../lib/gcc/arm-none-eabi/9.3.1/../../../../arm-none-eabi/lib/thumb/v7-m/nofp\libnosys.a
END GROUP
START GROUP
LOAD c:/st/stm32cubeide_1.7.0/stm32cubeide/plugins/com.st.stm32cube.ide.mcu.externaltools.gnu-tools-for-stm32.9-2020-q2-update.win32_2.0.0.202105311346/tools/bin/../lib/gcc/arm-none-eabi/9.3.1/thumb/v7-m/nofp\libgcc.a
LOAD c:/st/stm32cubeide_1.7.0/stm32cubeide/plugins/com.st.stm32cube.ide.mcu.externaltools.gnu-tools-for-stm32.9-2020-q2-update.win32_2.0.0.202105311346/tools/bin/../lib/gcc/arm-none-eabi/9.3.1/../../../../arm-none-eabi/lib/thumb/v7-m/nofp\libc_nano.a
LOAD c:/st/stm32cubeide_1.7.0/stm32cubeide/plugins/com.st.stm32cube.ide.mcu.externaltools.gnu-tools-for-stm32.9-2020-q2-update.win32_2.0.0.202105311346/tools/bin/../lib/gcc/arm-none-eabi/9.3.1/../../../../arm-none-eabi/lib/thumb/v7-m/nofp\libnosys.a
END GROUP
LOAD c:/st/stm32cubeide_1.7.0/stm32cubeide/plugins/com.st.stm32cube.ide.mcu.externaltools.gnu-tools-for-stm32.9-2020-q2-update.win32_2.0.0.202105311346/tools/bin/../lib/gcc/arm-none-eabi/9.3.1/thumb/v7-m/nofp/crtend.o
LOAD c:/st/stm32cubeide_1.7.0/stm32cubeide/plugins/com.st.stm32cube.ide.mcu.externaltools.gnu-tools-for-stm32.9-2020-q2-update.win32_2.0.0.202105311346/tools/bin/../lib/gcc/arm-none-eabi/9.3.1/thumb/v7-m/nofp/crtn.o
                0x0000000020005000                _estack = (ORIGIN (RAM) + LENGTH (RAM))
                0x0000000000000200                _Min_Heap_Size = 0x200
                0x0000000000000400                _Min_Stack_Size = 0x400

.isr_vector     0x0000000008000000      0x10c
                0x0000000008000000                . = ALIGN (0x4)
 *(.isr_vector)
 .isr_vector    0x0000000008000000      0x10c ./Core/Startup/startup_stm32f103rbtx.o
                0x0000000008000000                g_pfnVectors
                0x000000000800010c                . = ALIGN (0x4)

.text           0x000000000800010c     0x3f70
                0x000000000800010c                . = ALIGN (0x4)
 *(.text)
 .text          0x000000000800010c       0x40 c:/st/stm32cubeide_1.7.0/stm32cubeide/plugins/com.st.stm32cube.ide.mcu.externaltools.gnu-tools-for-stm32.9-2020-q2-update.win32_2.0.0.202105311346/tools/bin/../lib/gcc/arm-none-eabi/9.3.1/thumb/v7-m/nofp/crtbegin.o
 *(.text*)
 .text.isButtonPressed
                0x000000000800014c       0x34 ./Core/Src/button.o
                0x000000000800014c                isButtonPressed
 .text.subKeyProcess
                0x0000000008000180       0x20 ./Core/Src/button.o
                0x0000000008000180                subKeyProcess
 .text.getKeyInput
                0x00000000080001a0      0x114 ./Core/Src/button.o
                0x00000000080001a0                getKeyInput
 .text.fsm_manual_run
                0x00000000080002b4      0x264 ./Core/Src/fsm_manual.o
                0x00000000080002b4                fsm_manual_run
 .text.fsm_traffic_light
                0x0000000008000518      0x29c ./Core/Src/fsm_traffic_light.o
                0x0000000008000518                fsm_traffic_light
 .text.main     0x00000000080007b4       0xbc ./Core/Src/main.o
                0x00000000080007b4                main
 .text.SystemClock_Config
                0x0000000008000870       0x76 ./Core/Src/main.o
                0x0000000008000870                SystemClock_Config
 *fill*         0x00000000080008e6        0x2 
 .text.MX_TIM2_Init
                0x00000000080008e8       0x98 ./Core/Src/main.o
 .text.MX_TIM3_Init
                0x0000000008000980       0xb4 ./Core/Src/main.o
 .text.MX_USART2_UART_Init
                0x0000000008000a34       0x54 ./Core/Src/main.o
 .text.MX_GPIO_Init
                0x0000000008000a88       0xf4 ./Core/Src/main.o
 .text.HAL_TIM_PeriodElapsedCallback
                0x0000000008000b7c       0x18 ./Core/Src/main.o
                0x0000000008000b7c                HAL_TIM_PeriodElapsedCallback
 .text.Error_Handler
                0x0000000008000b94        0xa ./Core/Src/main.o
                0x0000000008000b94                Error_Handler
 *fill*         0x0000000008000b9e        0x2 
 .text.ped_fsm  0x0000000008000ba0       0x38 ./Core/Src/ped_fsm.o
                0x0000000008000ba0                ped_fsm
 .text.pedestrian_manual_fsm
                0x0000000008000bd8       0xcc ./Core/Src/ped_manual.o
                0x0000000008000bd8                pedestrian_manual_fsm
 .text.onGREEN1
                0x0000000008000ca4       0x28 ./Core/Src/physical.o
                0x0000000008000ca4                onGREEN1
 .text.onYELLOW1
                0x0000000008000ccc       0x28 ./Core/Src/physical.o
                0x0000000008000ccc                onYELLOW1
 .text.onRED1   0x0000000008000cf4       0x28 ./Core/Src/physical.o
                0x0000000008000cf4                onRED1
 .text.onGREEN2
                0x0000000008000d1c       0x20 ./Core/Src/physical.o
                0x0000000008000d1c                onGREEN2
 .text.onYELLOW2
                0x0000000008000d3c       0x20 ./Core/Src/physical.o
                0x0000000008000d3c                onYELLOW2
 .text.onRED2   0x0000000008000d5c       0x20 ./Core/Src/physical.o
                0x0000000008000d5c                onRED2
 .text.offALL   0x0000000008000d7c       0x3c ./Core/Src/physical.o
                0x0000000008000d7c                offALL
 .text.pedGreen
                0x0000000008000db8       0x24 ./Core/Src/physical.o
                0x0000000008000db8                pedGreen
 .text.pedRed   0x0000000008000ddc       0x28 ./Core/Src/physical.o
                0x0000000008000ddc                pedRed
 .text.SCH_Init
                0x0000000008000e04       0xac ./Core/Src/scheduler.o
                0x0000000008000e04                SCH_Init
 .text.SCH_Add_Task
                0x0000000008000eb0       0xe4 ./Core/Src/scheduler.o
                0x0000000008000eb0                SCH_Add_Task
 .text.SCH_Update
                0x0000000008000f94       0xc0 ./Core/Src/scheduler.o
                0x0000000008000f94                SCH_Update
 .text.SCH_Dispatch_Tasks
                0x0000000008001054       0xa0 ./Core/Src/scheduler.o
                0x0000000008001054                SCH_Dispatch_Tasks
 .text.SCH_Delete
                0x00000000080010f4       0xf0 ./Core/Src/scheduler.o
                0x00000000080010f4                SCH_Delete
 .text.setTimer1
                0x00000000080011e4       0x28 ./Core/Src/software_timer.o
                0x00000000080011e4                setTimer1
 .text.setTimer2
                0x000000000800120c       0x28 ./Core/Src/software_timer.o
                0x000000000800120c                setTimer2
 .text.setTimer5
                0x0000000008001234       0x28 ./Core/Src/software_timer.o
                0x0000000008001234                setTimer5
 .text.setTimer8
                0x000000000800125c       0x28 ./Core/Src/software_timer.o
                0x000000000800125c                setTimer8
 .text.timerRun
                0x0000000008001284      0x14c ./Core/Src/software_timer.o
                0x0000000008001284                timerRun
 .text.HAL_MspInit
                0x00000000080013d0       0x64 ./Core/Src/stm32f1xx_hal_msp.o
                0x00000000080013d0                HAL_MspInit
 .text.HAL_TIM_Base_MspInit
                0x0000000008001434       0x48 ./Core/Src/stm32f1xx_hal_msp.o
                0x0000000008001434                HAL_TIM_Base_MspInit
 .text.HAL_TIM_PWM_MspInit
                0x000000000800147c       0x4c ./Core/Src/stm32f1xx_hal_msp.o
                0x000000000800147c                HAL_TIM_PWM_MspInit
 .text.HAL_TIM_MspPostInit
                0x00000000080014c8       0x8c ./Core/Src/stm32f1xx_hal_msp.o
                0x00000000080014c8                HAL_TIM_MspPostInit
 .text.HAL_UART_MspInit
                0x0000000008001554       0xa4 ./Core/Src/stm32f1xx_hal_msp.o
                0x0000000008001554                HAL_UART_MspInit
 .text.NMI_Handler
                0x00000000080015f8        0x6 ./Core/Src/stm32f1xx_it.o
                0x00000000080015f8                NMI_Handler
 .text.HardFault_Handler
                0x00000000080015fe        0x6 ./Core/Src/stm32f1xx_it.o
                0x00000000080015fe                HardFault_Handler
 .text.MemManage_Handler
                0x0000000008001604        0x6 ./Core/Src/stm32f1xx_it.o
                0x0000000008001604                MemManage_Handler
 .text.BusFault_Handler
                0x000000000800160a        0x6 ./Core/Src/stm32f1xx_it.o
                0x000000000800160a                BusFault_Handler
 .text.UsageFault_Handler
                0x0000000008001610        0x6 ./Core/Src/stm32f1xx_it.o
                0x0000000008001610                UsageFault_Handler
 .text.SVC_Handler
                0x0000000008001616        0xc ./Core/Src/stm32f1xx_it.o
                0x0000000008001616                SVC_Handler
 .text.DebugMon_Handler
                0x0000000008001622        0xc ./Core/Src/stm32f1xx_it.o
                0x0000000008001622                DebugMon_Handler
 .text.PendSV_Handler
                0x000000000800162e        0xc ./Core/Src/stm32f1xx_it.o
                0x000000000800162e                PendSV_Handler
 .text.SysTick_Handler
                0x000000000800163a        0xc ./Core/Src/stm32f1xx_it.o
                0x000000000800163a                SysTick_Handler
 *fill*         0x0000000008001646        0x2 
 .text.TIM2_IRQHandler
                0x0000000008001648       0x14 ./Core/Src/stm32f1xx_it.o
                0x0000000008001648                TIM2_IRQHandler
 .text.TIM3_IRQHandler
                0x000000000800165c       0x14 ./Core/Src/stm32f1xx_it.o
                0x000000000800165c                TIM3_IRQHandler
 .text.USART2_IRQHandler
                0x0000000008001670       0x14 ./Core/Src/stm32f1xx_it.o
                0x0000000008001670                USART2_IRQHandler
 .text.SystemInit
                0x0000000008001684        0xc ./Core/Src/system_stm32f1xx.o
                0x0000000008001684                SystemInit
 .text.Reset_Handler
                0x0000000008001690       0x48 ./Core/Startup/startup_stm32f103rbtx.o
                0x0000000008001690                Reset_Handler
 .text.Default_Handler
                0x00000000080016d8        0x2 ./Core/Startup/startup_stm32f103rbtx.o
                0x00000000080016d8                RTC_Alarm_IRQHandler
                0x00000000080016d8                EXTI2_IRQHandler
                0x00000000080016d8                TIM1_CC_IRQHandler
                0x00000000080016d8                PVD_IRQHandler
                0x00000000080016d8                EXTI3_IRQHandler
                0x00000000080016d8                EXTI0_IRQHandler
                0x00000000080016d8                I2C2_EV_IRQHandler
                0x00000000080016d8                ADC1_2_IRQHandler
                0x00000000080016d8                SPI1_IRQHandler
                0x00000000080016d8                TAMPER_IRQHandler
                0x00000000080016d8                DMA1_Channel4_IRQHandler
                0x00000000080016d8                USART3_IRQHandler
                0x00000000080016d8                RTC_IRQHandler
                0x00000000080016d8                DMA1_Channel7_IRQHandler
                0x00000000080016d8                CAN1_RX1_IRQHandler
                0x00000000080016d8                TIM4_IRQHandler
                0x00000000080016d8                I2C1_EV_IRQHandler
                0x00000000080016d8                DMA1_Channel6_IRQHandler
                0x00000000080016d8                RCC_IRQHandler
                0x00000000080016d8                TIM1_TRG_COM_IRQHandler
                0x00000000080016d8                DMA1_Channel1_IRQHandler
                0x00000000080016d8                Default_Handler
                0x00000000080016d8                EXTI15_10_IRQHandler
                0x00000000080016d8                EXTI9_5_IRQHandler
                0x00000000080016d8                SPI2_IRQHandler
                0x00000000080016d8                DMA1_Channel5_IRQHandler
                0x00000000080016d8                EXTI4_IRQHandler
                0x00000000080016d8                USB_LP_CAN1_RX0_IRQHandler
                0x00000000080016d8                USB_HP_CAN1_TX_IRQHandler
                0x00000000080016d8                DMA1_Channel3_IRQHandler
                0x00000000080016d8                TIM1_UP_IRQHandler
                0x00000000080016d8                WWDG_IRQHandler
                0x00000000080016d8                TIM1_BRK_IRQHandler
                0x00000000080016d8                EXTI1_IRQHandler
                0x00000000080016d8                I2C2_ER_IRQHandler
                0x00000000080016d8                DMA1_Channel2_IRQHandler
                0x00000000080016d8                CAN1_SCE_IRQHandler
                0x00000000080016d8                FLASH_IRQHandler
                0x00000000080016d8                USART1_IRQHandler
                0x00000000080016d8                I2C1_ER_IRQHandler
                0x00000000080016d8                USBWakeUp_IRQHandler
 *fill*         0x00000000080016da        0x2 
 .text.HAL_Init
                0x00000000080016dc       0x2c ./Drivers/STM32F1xx_HAL_Driver/Src/stm32f1xx_hal.o
                0x00000000080016dc                HAL_Init
 .text.HAL_InitTick
                0x0000000008001708       0x60 ./Drivers/STM32F1xx_HAL_Driver/Src/stm32f1xx_hal.o
                0x0000000008001708                HAL_InitTick
 .text.HAL_IncTick
                0x0000000008001768       0x24 ./Drivers/STM32F1xx_HAL_Driver/Src/stm32f1xx_hal.o
                0x0000000008001768                HAL_IncTick
 .text.HAL_GetTick
                0x000000000800178c       0x14 ./Drivers/STM32F1xx_HAL_Driver/Src/stm32f1xx_hal.o
                0x000000000800178c                HAL_GetTick
 .text.HAL_Delay
                0x00000000080017a0       0x48 ./Drivers/STM32F1xx_HAL_Driver/Src/stm32f1xx_hal.o
                0x00000000080017a0                HAL_Delay
 .text.__NVIC_SetPriorityGrouping
                0x00000000080017e8       0x48 ./Drivers/STM32F1xx_HAL_Driver/Src/stm32f1xx_hal_cortex.o
 .text.__NVIC_GetPriorityGrouping
                0x0000000008001830       0x1c ./Drivers/STM32F1xx_HAL_Driver/Src/stm32f1xx_hal_cortex.o
 .text.__NVIC_EnableIRQ
                0x000000000800184c       0x38 ./Drivers/STM32F1xx_HAL_Driver/Src/stm32f1xx_hal_cortex.o
 .text.__NVIC_SetPriority
                0x0000000008001884       0x54 ./Drivers/STM32F1xx_HAL_Driver/Src/stm32f1xx_hal_cortex.o
 .text.NVIC_EncodePriority
                0x00000000080018d8       0x64 ./Drivers/STM32F1xx_HAL_Driver/Src/stm32f1xx_hal_cortex.o
 .text.SysTick_Config
                0x000000000800193c       0x44 ./Drivers/STM32F1xx_HAL_Driver/Src/stm32f1xx_hal_cortex.o
 .text.HAL_NVIC_SetPriorityGrouping
                0x0000000008001980       0x16 ./Drivers/STM32F1xx_HAL_Driver/Src/stm32f1xx_hal_cortex.o
                0x0000000008001980                HAL_NVIC_SetPriorityGrouping
 .text.HAL_NVIC_SetPriority
                0x0000000008001996       0x38 ./Drivers/STM32F1xx_HAL_Driver/Src/stm32f1xx_hal_cortex.o
                0x0000000008001996                HAL_NVIC_SetPriority
 .text.HAL_NVIC_EnableIRQ
                0x00000000080019ce       0x1c ./Drivers/STM32F1xx_HAL_Driver/Src/stm32f1xx_hal_cortex.o
                0x00000000080019ce                HAL_NVIC_EnableIRQ
 .text.HAL_SYSTICK_Config
                0x00000000080019ea       0x18 ./Drivers/STM32F1xx_HAL_Driver/Src/stm32f1xx_hal_cortex.o
                0x00000000080019ea                HAL_SYSTICK_Config
 .text.HAL_DMA_Abort
                0x0000000008001a02       0x76 ./Drivers/STM32F1xx_HAL_Driver/Src/stm32f1xx_hal_dma.o
                0x0000000008001a02                HAL_DMA_Abort
 .text.HAL_DMA_Abort_IT
                0x0000000008001a78       0xf0 ./Drivers/STM32F1xx_HAL_Driver/Src/stm32f1xx_hal_dma.o
                0x0000000008001a78                HAL_DMA_Abort_IT
 .text.HAL_GPIO_Init
                0x0000000008001b68      0x308 ./Drivers/STM32F1xx_HAL_Driver/Src/stm32f1xx_hal_gpio.o
                0x0000000008001b68                HAL_GPIO_Init
 .text.HAL_GPIO_ReadPin
                0x0000000008001e70       0x2e ./Drivers/STM32F1xx_HAL_Driver/Src/stm32f1xx_hal_gpio.o
                0x0000000008001e70                HAL_GPIO_ReadPin
 .text.HAL_GPIO_WritePin
                0x0000000008001e9e       0x30 ./Drivers/STM32F1xx_HAL_Driver/Src/stm32f1xx_hal_gpio.o
                0x0000000008001e9e                HAL_GPIO_WritePin
 *fill*         0x0000000008001ece        0x2 
 .text.HAL_RCC_OscConfig
                0x0000000008001ed0      0x500 ./Drivers/STM32F1xx_HAL_Driver/Src/stm32f1xx_hal_rcc.o
                0x0000000008001ed0                HAL_RCC_OscConfig
 .text.HAL_RCC_ClockConfig
                0x00000000080023d0      0x1d4 ./Drivers/STM32F1xx_HAL_Driver/Src/stm32f1xx_hal_rcc.o
                0x00000000080023d0                HAL_RCC_ClockConfig
 .text.HAL_RCC_GetSysClockFreq
                0x00000000080025a4       0xa8 ./Drivers/STM32F1xx_HAL_Driver/Src/stm32f1xx_hal_rcc.o
                0x00000000080025a4                HAL_RCC_GetSysClockFreq
 .text.HAL_RCC_GetHCLKFreq
                0x000000000800264c       0x14 ./Drivers/STM32F1xx_HAL_Driver/Src/stm32f1xx_hal_rcc.o
                0x000000000800264c                HAL_RCC_GetHCLKFreq
 .text.HAL_RCC_GetPCLK1Freq
                0x0000000008002660       0x28 ./Drivers/STM32F1xx_HAL_Driver/Src/stm32f1xx_hal_rcc.o
                0x0000000008002660                HAL_RCC_GetPCLK1Freq
 .text.HAL_RCC_GetPCLK2Freq
                0x0000000008002688       0x28 ./Drivers/STM32F1xx_HAL_Driver/Src/stm32f1xx_hal_rcc.o
                0x0000000008002688                HAL_RCC_GetPCLK2Freq
 .text.RCC_Delay
                0x00000000080026b0       0x3c ./Drivers/STM32F1xx_HAL_Driver/Src/stm32f1xx_hal_rcc.o
 .text.HAL_TIM_Base_Init
                0x00000000080026ec       0x9e ./Drivers/STM32F1xx_HAL_Driver/Src/stm32f1xx_hal_tim.o
                0x00000000080026ec                HAL_TIM_Base_Init
 *fill*         0x000000000800278a        0x2 
 .text.HAL_TIM_Base_Start_IT
                0x000000000800278c       0xa4 ./Drivers/STM32F1xx_HAL_Driver/Src/stm32f1xx_hal_tim.o
                0x000000000800278c                HAL_TIM_Base_Start_IT
 .text.HAL_TIM_PWM_Init
                0x0000000008002830       0x9e ./Drivers/STM32F1xx_HAL_Driver/Src/stm32f1xx_hal_tim.o
                0x0000000008002830                HAL_TIM_PWM_Init
 *fill*         0x00000000080028ce        0x2 
 .text.HAL_TIM_PWM_Start
                0x00000000080028d0      0x144 ./Drivers/STM32F1xx_HAL_Driver/Src/stm32f1xx_hal_tim.o
                0x00000000080028d0                HAL_TIM_PWM_Start
 .text.HAL_TIM_IRQHandler
                0x0000000008002a14      0x210 ./Drivers/STM32F1xx_HAL_Driver/Src/stm32f1xx_hal_tim.o
                0x0000000008002a14                HAL_TIM_IRQHandler
 .text.HAL_TIM_PWM_ConfigChannel
                0x0000000008002c24      0x184 ./Drivers/STM32F1xx_HAL_Driver/Src/stm32f1xx_hal_tim.o
                0x0000000008002c24                HAL_TIM_PWM_ConfigChannel
 .text.HAL_TIM_ConfigClockSource
                0x0000000008002da8      0x18e ./Drivers/STM32F1xx_HAL_Driver/Src/stm32f1xx_hal_tim.o
                0x0000000008002da8                HAL_TIM_ConfigClockSource
 .text.HAL_TIM_OC_DelayElapsedCallback
                0x0000000008002f36       0x12 ./Drivers/STM32F1xx_HAL_Driver/Src/stm32f1xx_hal_tim.o
                0x0000000008002f36                HAL_TIM_OC_DelayElapsedCallback
 .text.HAL_TIM_IC_CaptureCallback
                0x0000000008002f48       0x12 ./Drivers/STM32F1xx_HAL_Driver/Src/stm32f1xx_hal_tim.o
                0x0000000008002f48                HAL_TIM_IC_CaptureCallback
 .text.HAL_TIM_PWM_PulseFinishedCallback
                0x0000000008002f5a       0x12 ./Drivers/STM32F1xx_HAL_Driver/Src/stm32f1xx_hal_tim.o
                0x0000000008002f5a                HAL_TIM_PWM_PulseFinishedCallback
 .text.HAL_TIM_TriggerCallback
                0x0000000008002f6c       0x12 ./Drivers/STM32F1xx_HAL_Driver/Src/stm32f1xx_hal_tim.o
                0x0000000008002f6c                HAL_TIM_TriggerCallback
 *fill*         0x0000000008002f7e        0x2 
 .text.TIM_Base_SetConfig
                0x0000000008002f80       0xc4 ./Drivers/STM32F1xx_HAL_Driver/Src/stm32f1xx_hal_tim.o
                0x0000000008002f80                TIM_Base_SetConfig
 .text.TIM_OC1_SetConfig
                0x0000000008003044       0xcc ./Drivers/STM32F1xx_HAL_Driver/Src/stm32f1xx_hal_tim.o
 .text.TIM_OC2_SetConfig
                0x0000000008003110       0xd4 ./Drivers/STM32F1xx_HAL_Driver/Src/stm32f1xx_hal_tim.o
                0x0000000008003110                TIM_OC2_SetConfig
 .text.TIM_OC3_SetConfig
                0x00000000080031e4       0xd4 ./Drivers/STM32F1xx_HAL_Driver/Src/stm32f1xx_hal_tim.o
 .text.TIM_OC4_SetConfig
                0x00000000080032b8       0x9c ./Drivers/STM32F1xx_HAL_Driver/Src/stm32f1xx_hal_tim.o
 .text.TIM_TI1_ConfigInputStage
                0x0000000008003354       0x5c ./Drivers/STM32F1xx_HAL_Driver/Src/stm32f1xx_hal_tim.o
 .text.TIM_TI2_ConfigInputStage
                0x00000000080033b0       0x5e ./Drivers/STM32F1xx_HAL_Driver/Src/stm32f1xx_hal_tim.o
 .text.TIM_ITRx_SetConfig
                0x000000000800340e       0x34 ./Drivers/STM32F1xx_HAL_Driver/Src/stm32f1xx_hal_tim.o
 .text.TIM_ETR_SetConfig
                0x0000000008003442       0x3e ./Drivers/STM32F1xx_HAL_Driver/Src/stm32f1xx_hal_tim.o
                0x0000000008003442                TIM_ETR_SetConfig
 .text.TIM_CCxChannelCmd
                0x0000000008003480       0x48 ./Drivers/STM32F1xx_HAL_Driver/Src/stm32f1xx_hal_tim.o
                0x0000000008003480                TIM_CCxChannelCmd
 .text.HAL_TIMEx_MasterConfigSynchronization
                0x00000000080034c8       0xbc ./Drivers/STM32F1xx_HAL_Driver/Src/stm32f1xx_hal_tim_ex.o
                0x00000000080034c8                HAL_TIMEx_MasterConfigSynchronization
 .text.HAL_TIMEx_CommutCallback
                0x0000000008003584       0x12 ./Drivers/STM32F1xx_HAL_Driver/Src/stm32f1xx_hal_tim_ex.o
                0x0000000008003584                HAL_TIMEx_CommutCallback
 .text.HAL_TIMEx_BreakCallback
                0x0000000008003596       0x12 ./Drivers/STM32F1xx_HAL_Driver/Src/stm32f1xx_hal_tim_ex.o
                0x0000000008003596                HAL_TIMEx_BreakCallback
 .text.HAL_UART_Init
                0x00000000080035a8       0xa0 ./Drivers/STM32F1xx_HAL_Driver/Src/stm32f1xx_hal_uart.o
                0x00000000080035a8                HAL_UART_Init
 .text.HAL_UART_IRQHandler
                0x0000000008003648      0x524 ./Drivers/STM32F1xx_HAL_Driver/Src/stm32f1xx_hal_uart.o
                0x0000000008003648                HAL_UART_IRQHandler
 .text.HAL_UART_TxCpltCallback
                0x0000000008003b6c       0x12 ./Drivers/STM32F1xx_HAL_Driver/Src/stm32f1xx_hal_uart.o
                0x0000000008003b6c                HAL_UART_TxCpltCallback
 .text.HAL_UART_RxCpltCallback
                0x0000000008003b7e       0x12 ./Drivers/STM32F1xx_HAL_Driver/Src/stm32f1xx_hal_uart.o
                0x0000000008003b7e                HAL_UART_RxCpltCallback
 .text.HAL_UART_ErrorCallback
                0x0000000008003b90       0x12 ./Drivers/STM32F1xx_HAL_Driver/Src/stm32f1xx_hal_uart.o
                0x0000000008003b90                HAL_UART_ErrorCallback
 .text.HAL_UARTEx_RxEventCallback
                0x0000000008003ba2       0x16 ./Drivers/STM32F1xx_HAL_Driver/Src/stm32f1xx_hal_uart.o
                0x0000000008003ba2                HAL_UARTEx_RxEventCallback
 .text.UART_EndRxTransfer
                0x0000000008003bb8       0xc4 ./Drivers/STM32F1xx_HAL_Driver/Src/stm32f1xx_hal_uart.o
 .text.UART_DMAAbortOnError
                0x0000000008003c7c       0x28 ./Drivers/STM32F1xx_HAL_Driver/Src/stm32f1xx_hal_uart.o
 .text.UART_Transmit_IT
                0x0000000008003ca4       0x9e ./Drivers/STM32F1xx_HAL_Driver/Src/stm32f1xx_hal_uart.o
 .text.UART_EndTransmit_IT
                0x0000000008003d42       0x30 ./Drivers/STM32F1xx_HAL_Driver/Src/stm32f1xx_hal_uart.o
 .text.UART_Receive_IT
                0x0000000008003d72      0x17c ./Drivers/STM32F1xx_HAL_Driver/Src/stm32f1xx_hal_uart.o
 *fill*         0x0000000008003eee        0x2 
 .text.UART_SetConfig
                0x0000000008003ef0      0x11c ./Drivers/STM32F1xx_HAL_Driver/Src/stm32f1xx_hal_uart.o
 .text.__libc_init_array
                0x000000000800400c       0x48 c:/st/stm32cubeide_1.7.0/stm32cubeide/plugins/com.st.stm32cube.ide.mcu.externaltools.gnu-tools-for-stm32.9-2020-q2-update.win32_2.0.0.202105311346/tools/bin/../lib/gcc/arm-none-eabi/9.3.1/../../../../arm-none-eabi/lib/thumb/v7-m/nofp\libc_nano.a(lib_a-init.o)
                0x000000000800400c                __libc_init_array
 .text.memset   0x0000000008004054       0x10 c:/st/stm32cubeide_1.7.0/stm32cubeide/plugins/com.st.stm32cube.ide.mcu.externaltools.gnu-tools-for-stm32.9-2020-q2-update.win32_2.0.0.202105311346/tools/bin/../lib/gcc/arm-none-eabi/9.3.1/../../../../arm-none-eabi/lib/thumb/v7-m/nofp\libc_nano.a(lib_a-memset.o)
                0x0000000008004054                memset
 *(.glue_7)
 .glue_7        0x0000000008004064        0x0 linker stubs
 *(.glue_7t)
 .glue_7t       0x0000000008004064        0x0 linker stubs
 *(.eh_frame)
 .eh_frame      0x0000000008004064        0x0 c:/st/stm32cubeide_1.7.0/stm32cubeide/plugins/com.st.stm32cube.ide.mcu.externaltools.gnu-tools-for-stm32.9-2020-q2-update.win32_2.0.0.202105311346/tools/bin/../lib/gcc/arm-none-eabi/9.3.1/thumb/v7-m/nofp/crtbegin.o
 *(.init)
 .init          0x0000000008004064        0x4 c:/st/stm32cubeide_1.7.0/stm32cubeide/plugins/com.st.stm32cube.ide.mcu.externaltools.gnu-tools-for-stm32.9-2020-q2-update.win32_2.0.0.202105311346/tools/bin/../lib/gcc/arm-none-eabi/9.3.1/thumb/v7-m/nofp/crti.o
                0x0000000008004064                _init
 .init          0x0000000008004068        0x8 c:/st/stm32cubeide_1.7.0/stm32cubeide/plugins/com.st.stm32cube.ide.mcu.externaltools.gnu-tools-for-stm32.9-2020-q2-update.win32_2.0.0.202105311346/tools/bin/../lib/gcc/arm-none-eabi/9.3.1/thumb/v7-m/nofp/crtn.o
 *(.fini)
 .fini          0x0000000008004070        0x4 c:/st/stm32cubeide_1.7.0/stm32cubeide/plugins/com.st.stm32cube.ide.mcu.externaltools.gnu-tools-for-stm32.9-2020-q2-update.win32_2.0.0.202105311346/tools/bin/../lib/gcc/arm-none-eabi/9.3.1/thumb/v7-m/nofp/crti.o
                0x0000000008004070                _fini
 .fini          0x0000000008004074        0x8 c:/st/stm32cubeide_1.7.0/stm32cubeide/plugins/com.st.stm32cube.ide.mcu.externaltools.gnu-tools-for-stm32.9-2020-q2-update.win32_2.0.0.202105311346/tools/bin/../lib/gcc/arm-none-eabi/9.3.1/thumb/v7-m/nofp/crtn.o
                0x000000000800407c                . = ALIGN (0x4)
                0x000000000800407c                _etext = .

.vfp11_veneer   0x000000000800407c        0x0
 .vfp11_veneer  0x000000000800407c        0x0 linker stubs

.v4_bx          0x000000000800407c        0x0
 .v4_bx         0x000000000800407c        0x0 linker stubs

.iplt           0x000000000800407c        0x0
 .iplt          0x000000000800407c        0x0 c:/st/stm32cubeide_1.7.0/stm32cubeide/plugins/com.st.stm32cube.ide.mcu.externaltools.gnu-tools-for-stm32.9-2020-q2-update.win32_2.0.0.202105311346/tools/bin/../lib/gcc/arm-none-eabi/9.3.1/thumb/v7-m/nofp/crtbegin.o

.rodata         0x000000000800407c       0x2c
                0x000000000800407c                . = ALIGN (0x4)
 *(.rodata)
 *(.rodata*)
 .rodata.AHBPrescTable
                0x000000000800407c       0x10 ./Core/Src/system_stm32f1xx.o
                0x000000000800407c                AHBPrescTable
 .rodata.APBPrescTable
                0x000000000800408c        0x8 ./Core/Src/system_stm32f1xx.o
                0x000000000800408c                APBPrescTable
 .rodata.aPLLMULFactorTable.6196
                0x0000000008004094       0x10 ./Drivers/STM32F1xx_HAL_Driver/Src/stm32f1xx_hal_rcc.o
 .rodata.aPredivFactorTable.6197
                0x00000000080040a4        0x2 ./Drivers/STM32F1xx_HAL_Driver/Src/stm32f1xx_hal_rcc.o
                0x00000000080040a8                . = ALIGN (0x4)
 *fill*         0x00000000080040a6        0x2 

.rel.dyn        0x00000000080040a8        0x0
 .rel.iplt      0x00000000080040a8        0x0 c:/st/stm32cubeide_1.7.0/stm32cubeide/plugins/com.st.stm32cube.ide.mcu.externaltools.gnu-tools-for-stm32.9-2020-q2-update.win32_2.0.0.202105311346/tools/bin/../lib/gcc/arm-none-eabi/9.3.1/thumb/v7-m/nofp/crtbegin.o

.ARM.extab      0x00000000080040a8        0x0
                0x00000000080040a8                . = ALIGN (0x4)
 *(.ARM.extab* .gnu.linkonce.armextab.*)
                0x00000000080040a8                . = ALIGN (0x4)

.ARM            0x00000000080040a8        0x0
                0x00000000080040a8                . = ALIGN (0x4)
                0x00000000080040a8                __exidx_start = .
 *(.ARM.exidx*)
                0x00000000080040a8                __exidx_end = .
                0x00000000080040a8                . = ALIGN (0x4)

.preinit_array  0x00000000080040a8        0x0
                0x00000000080040a8                . = ALIGN (0x4)
                0x00000000080040a8                PROVIDE (__preinit_array_start = .)
 *(.preinit_array*)
                0x00000000080040a8                PROVIDE (__preinit_array_end = .)
                0x00000000080040a8                . = ALIGN (0x4)

.init_array     0x00000000080040a8        0x4
                0x00000000080040a8                . = ALIGN (0x4)
                0x00000000080040a8                PROVIDE (__init_array_start = .)
 *(SORT_BY_NAME(.init_array.*))
 *(.init_array*)
 .init_array    0x00000000080040a8        0x4 c:/st/stm32cubeide_1.7.0/stm32cubeide/plugins/com.st.stm32cube.ide.mcu.externaltools.gnu-tools-for-stm32.9-2020-q2-update.win32_2.0.0.202105311346/tools/bin/../lib/gcc/arm-none-eabi/9.3.1/thumb/v7-m/nofp/crtbegin.o
                0x00000000080040ac                PROVIDE (__init_array_end = .)
                0x00000000080040ac                . = ALIGN (0x4)

.fini_array     0x00000000080040ac        0x4
                0x00000000080040ac                . = ALIGN (0x4)
                [!provide]                        PROVIDE (__fini_array_start = .)
 *(SORT_BY_NAME(.fini_array.*))
 *(.fini_array*)
 .fini_array    0x00000000080040ac        0x4 c:/st/stm32cubeide_1.7.0/stm32cubeide/plugins/com.st.stm32cube.ide.mcu.externaltools.gnu-tools-for-stm32.9-2020-q2-update.win32_2.0.0.202105311346/tools/bin/../lib/gcc/arm-none-eabi/9.3.1/thumb/v7-m/nofp/crtbegin.o
                [!provide]                        PROVIDE (__fini_array_end = .)
                0x00000000080040b0                . = ALIGN (0x4)
                0x00000000080040b0                _sidata = LOADADDR (.data)

.data           0x0000000020000000       0x88 load address 0x00000000080040b0
                0x0000000020000000                . = ALIGN (0x4)
                0x0000000020000000                _sdata = .
 *(.data)
 *(.data*)
 .data.pin_mode
                0x0000000020000000        0x8 ./Core/Src/button.o
                0x0000000020000000                pin_mode
 .data.port_mode
                0x0000000020000008       0x10 ./Core/Src/button.o
                0x0000000020000008                port_mode
 .data.KeyReg0  0x0000000020000018       0x10 ./Core/Src/button.o
                0x0000000020000018                KeyReg0
 .data.KeyReg1  0x0000000020000028       0x10 ./Core/Src/button.o
                0x0000000020000028                KeyReg1
 .data.KeyReg2  0x0000000020000038       0x10 ./Core/Src/button.o
                0x0000000020000038                KeyReg2
 .data.KeyReg3  0x0000000020000048       0x10 ./Core/Src/button.o
                0x0000000020000048                KeyReg3
 .data.TimeOutForKeyPress
                0x0000000020000058       0x10 ./Core/Src/button.o
                0x0000000020000058                TimeOutForKeyPress
 .data.r_val    0x0000000020000068        0x4 ./Core/Src/global.o
                0x0000000020000068                r_val
 .data.y_val    0x000000002000006c        0x4 ./Core/Src/global.o
                0x000000002000006c                y_val
 .data.g_val    0x0000000020000070        0x4 ./Core/Src/global.o
                0x0000000020000070                g_val
 .data.allowed  0x0000000020000074        0x4 ./Core/Src/global.o
                0x0000000020000074                allowed
 .data.sig      0x0000000020000078        0x4 ./Core/Src/global.o
                0x0000000020000078                sig
 .data.SystemCoreClock
                0x000000002000007c        0x4 ./Core/Src/system_stm32f1xx.o
                0x000000002000007c                SystemCoreClock
 .data.uwTickPrio
                0x0000000020000080        0x4 ./Drivers/STM32F1xx_HAL_Driver/Src/stm32f1xx_hal.o
                0x0000000020000080                uwTickPrio
 .data.uwTickFreq
                0x0000000020000084        0x1 ./Drivers/STM32F1xx_HAL_Driver/Src/stm32f1xx_hal.o
                0x0000000020000084                uwTickFreq
 *(.RamFunc)
 *(.RamFunc*)
                0x0000000020000088                . = ALIGN (0x4)
 *fill*         0x0000000020000085        0x3 
                0x0000000020000088                _edata = .

.igot.plt       0x0000000020000088        0x0 load address 0x0000000008004138
 .igot.plt      0x0000000020000088        0x0 c:/st/stm32cubeide_1.7.0/stm32cubeide/plugins/com.st.stm32cube.ide.mcu.externaltools.gnu-tools-for-stm32.9-2020-q2-update.win32_2.0.0.202105311346/tools/bin/../lib/gcc/arm-none-eabi/9.3.1/thumb/v7-m/nofp/crtbegin.o
                0x0000000020000088                . = ALIGN (0x4)

.bss            0x0000000020000088      0x488 load address 0x0000000008004138
                0x0000000020000088                _sbss = .
                0x0000000020000088                __bss_start__ = _sbss
 *(.bss)
 .bss           0x0000000020000088       0x1c c:/st/stm32cubeide_1.7.0/stm32cubeide/plugins/com.st.stm32cube.ide.mcu.externaltools.gnu-tools-for-stm32.9-2020-q2-update.win32_2.0.0.202105311346/tools/bin/../lib/gcc/arm-none-eabi/9.3.1/thumb/v7-m/nofp/crtbegin.o
 *(.bss*)
 .bss.button_flag
                0x00000000200000a4       0x10 ./Core/Src/button.o
                0x00000000200000a4                button_flag
 .bss.led_status
                0x00000000200000b4        0x4 ./Core/Src/global.o
                0x00000000200000b4                led_status
 .bss.timerRoad1
                0x00000000200000b8        0x4 ./Core/Src/global.o
                0x00000000200000b8                timerRoad1
 .bss.timerRoad2
                0x00000000200000bc        0x4 ./Core/Src/global.o
                0x00000000200000bc                timerRoad2
 .bss.r_inc     0x00000000200000c0        0x4 ./Core/Src/global.o
                0x00000000200000c0                r_inc
 .bss.g_inc     0x00000000200000c4        0x4 ./Core/Src/global.o
                0x00000000200000c4                g_inc
 .bss.y_inc     0x00000000200000c8        0x4 ./Core/Src/global.o
                0x00000000200000c8                y_inc
 .bss.toogleFlag
                0x00000000200000cc        0x4 ./Core/Src/global.o
                0x00000000200000cc                toogleFlag
 .bss.current_index_task
                0x00000000200000d0        0x1 ./Core/Src/scheduler.o
                0x00000000200000d0                current_index_task
 *fill*         0x00000000200000d1        0x3 
 .bss.timer1_counter
                0x00000000200000d4        0x4 ./Core/Src/software_timer.o
                0x00000000200000d4                timer1_counter
 .bss.timer1_flag
                0x00000000200000d8        0x4 ./Core/Src/software_timer.o
                0x00000000200000d8                timer1_flag
 .bss.timer2_counter
                0x00000000200000dc        0x4 ./Core/Src/software_timer.o
                0x00000000200000dc                timer2_counter
 .bss.timer2_flag
                0x00000000200000e0        0x4 ./Core/Src/software_timer.o
                0x00000000200000e0                timer2_flag
 .bss.timer3_counter
                0x00000000200000e4        0x4 ./Core/Src/software_timer.o
                0x00000000200000e4                timer3_counter
 .bss.timer3_flag
                0x00000000200000e8        0x4 ./Core/Src/software_timer.o
                0x00000000200000e8                timer3_flag
 .bss.timer4_counter
                0x00000000200000ec        0x4 ./Core/Src/software_timer.o
                0x00000000200000ec                timer4_counter
 .bss.timer4_flag
                0x00000000200000f0        0x4 ./Core/Src/software_timer.o
                0x00000000200000f0                timer4_flag
 .bss.timer5_counter
                0x00000000200000f4        0x4 ./Core/Src/software_timer.o
                0x00000000200000f4                timer5_counter
 .bss.timer5_flag
                0x00000000200000f8        0x4 ./Core/Src/software_timer.o
                0x00000000200000f8                timer5_flag
 .bss.timer6_counter
                0x00000000200000fc        0x4 ./Core/Src/software_timer.o
                0x00000000200000fc                timer6_counter
 .bss.timer6_flag
                0x0000000020000100        0x4 ./Core/Src/software_timer.o
                0x0000000020000100                timer6_flag
 .bss.timer7_counter
                0x0000000020000104        0x4 ./Core/Src/software_timer.o
                0x0000000020000104                timer7_counter
 .bss.timer7_flag
                0x0000000020000108        0x4 ./Core/Src/software_timer.o
                0x0000000020000108                timer7_flag
 .bss.timer8_counter
                0x000000002000010c        0x4 ./Core/Src/software_timer.o
                0x000000002000010c                timer8_counter
 .bss.timer8_flag
                0x0000000020000110        0x4 ./Core/Src/software_timer.o
                0x0000000020000110                timer8_flag
 *(COMMON)
 COMMON         0x0000000020000114       0xd8 ./Core/Src/main.o
                0x0000000020000114                htim3
                0x000000002000015c                htim2
                0x00000000200001a4                huart2
 COMMON         0x00000000200001ec      0x320 ./Core/Src/scheduler.o
                0x00000000200001ec                SCH_tasks_G
 COMMON         0x000000002000050c        0x4 ./Drivers/STM32F1xx_HAL_Driver/Src/stm32f1xx_hal.o
                0x000000002000050c                uwTick
                0x0000000020000510                . = ALIGN (0x4)
                0x0000000020000510                _ebss = .
                0x0000000020000510                __bss_end__ = _ebss

._user_heap_stack
                0x0000000020000510      0x600 load address 0x0000000008004138
                0x0000000020000510                . = ALIGN (0x8)
                [!provide]                        PROVIDE (end = .)
                0x0000000020000510                PROVIDE (_end = .)
                0x0000000020000710                . = (. + _Min_Heap_Size)
 *fill*         0x0000000020000510      0x200 
                0x0000000020000b10                . = (. + _Min_Stack_Size)
 *fill*         0x0000000020000710      0x400 
                0x0000000020000b10                . = ALIGN (0x8)

/DISCARD/
 libc.a(*)
 libm.a(*)
 libgcc.a(*)

.ARM.attributes
                0x0000000000000000       0x29
 *(.ARM.attributes)
 .ARM.attributes
                0x0000000000000000       0x1d c:/st/stm32cubeide_1.7.0/stm32cubeide/plugins/com.st.stm32cube.ide.mcu.externaltools.gnu-tools-for-stm32.9-2020-q2-update.win32_2.0.0.202105311346/tools/bin/../lib/gcc/arm-none-eabi/9.3.1/thumb/v7-m/nofp/crti.o
 .ARM.attributes
                0x000000000000001d       0x2d c:/st/stm32cubeide_1.7.0/stm32cubeide/plugins/com.st.stm32cube.ide.mcu.externaltools.gnu-tools-for-stm32.9-2020-q2-update.win32_2.0.0.202105311346/tools/bin/../lib/gcc/arm-none-eabi/9.3.1/thumb/v7-m/nofp/crtbegin.o
 .ARM.attributes
                0x000000000000004a       0x2d ./Core/Src/button.o
 .ARM.attributes
                0x0000000000000077       0x2d ./Core/Src/fsm_manual.o
 .ARM.attributes
                0x00000000000000a4       0x2d ./Core/Src/fsm_traffic_light.o
 .ARM.attributes
                0x00000000000000d1       0x33 ./Core/Src/global.o
 .ARM.attributes
                0x0000000000000104       0x2d ./Core/Src/main.o
 .ARM.attributes
                0x0000000000000131       0x2d ./Core/Src/ped_fsm.o
 .ARM.attributes
                0x000000000000015e       0x2d ./Core/Src/ped_manual.o
 .ARM.attributes
                0x000000000000018b       0x2d ./Core/Src/physical.o
 .ARM.attributes
                0x00000000000001b8       0x2d ./Core/Src/scheduler.o
 .ARM.attributes
                0x00000000000001e5       0x2d ./Core/Src/software_timer.o
 .ARM.attributes
                0x0000000000000212       0x2d ./Core/Src/stm32f1xx_hal_msp.o
 .ARM.attributes
                0x000000000000023f       0x2d ./Core/Src/stm32f1xx_it.o
 .ARM.attributes
                0x000000000000026c       0x2d ./Core/Src/system_stm32f1xx.o
 .ARM.attributes
                0x0000000000000299       0x21 ./Core/Startup/startup_stm32f103rbtx.o
 .ARM.attributes
                0x00000000000002ba       0x2d ./Drivers/STM32F1xx_HAL_Driver/Src/stm32f1xx_hal.o
 .ARM.attributes
                0x00000000000002e7       0x2d ./Drivers/STM32F1xx_HAL_Driver/Src/stm32f1xx_hal_cortex.o
 .ARM.attributes
                0x0000000000000314       0x2d ./Drivers/STM32F1xx_HAL_Driver/Src/stm32f1xx_hal_dma.o
 .ARM.attributes
                0x0000000000000341       0x2d ./Drivers/STM32F1xx_HAL_Driver/Src/stm32f1xx_hal_gpio.o
 .ARM.attributes
                0x000000000000036e       0x2d ./Drivers/STM32F1xx_HAL_Driver/Src/stm32f1xx_hal_rcc.o
 .ARM.attributes
                0x000000000000039b       0x2d ./Drivers/STM32F1xx_HAL_Driver/Src/stm32f1xx_hal_tim.o
 .ARM.attributes
                0x00000000000003c8       0x2d ./Drivers/STM32F1xx_HAL_Driver/Src/stm32f1xx_hal_tim_ex.o
 .ARM.attributes
                0x00000000000003f5       0x2d ./Drivers/STM32F1xx_HAL_Driver/Src/stm32f1xx_hal_uart.o
 .ARM.attributes
                0x0000000000000422       0x2d c:/st/stm32cubeide_1.7.0/stm32cubeide/plugins/com.st.stm32cube.ide.mcu.externaltools.gnu-tools-for-stm32.9-2020-q2-update.win32_2.0.0.202105311346/tools/bin/../lib/gcc/arm-none-eabi/9.3.1/../../../../arm-none-eabi/lib/thumb/v7-m/nofp\libc_nano.a(lib_a-init.o)
 .ARM.attributes
                0x000000000000044f       0x2d c:/st/stm32cubeide_1.7.0/stm32cubeide/plugins/com.st.stm32cube.ide.mcu.externaltools.gnu-tools-for-stm32.9-2020-q2-update.win32_2.0.0.202105311346/tools/bin/../lib/gcc/arm-none-eabi/9.3.1/../../../../arm-none-eabi/lib/thumb/v7-m/nofp\libc_nano.a(lib_a-memset.o)
 .ARM.attributes
                0x000000000000047c       0x1d c:/st/stm32cubeide_1.7.0/stm32cubeide/plugins/com.st.stm32cube.ide.mcu.externaltools.gnu-tools-for-stm32.9-2020-q2-update.win32_2.0.0.202105311346/tools/bin/../lib/gcc/arm-none-eabi/9.3.1/thumb/v7-m/nofp/crtn.o
OUTPUT(project_MCU.elf elf32-littlearm)
LOAD linker stubs
LOAD c:/st/stm32cubeide_1.7.0/stm32cubeide/plugins/com.st.stm32cube.ide.mcu.externaltools.gnu-tools-for-stm32.9-2020-q2-update.win32_2.0.0.202105311346/tools/bin/../lib/gcc/arm-none-eabi/9.3.1/../../../../arm-none-eabi/lib/thumb/v7-m/nofp\libc.a
LOAD c:/st/stm32cubeide_1.7.0/stm32cubeide/plugins/com.st.stm32cube.ide.mcu.externaltools.gnu-tools-for-stm32.9-2020-q2-update.win32_2.0.0.202105311346/tools/bin/../lib/gcc/arm-none-eabi/9.3.1/../../../../arm-none-eabi/lib/thumb/v7-m/nofp\libm.a
LOAD c:/st/stm32cubeide_1.7.0/stm32cubeide/plugins/com.st.stm32cube.ide.mcu.externaltools.gnu-tools-for-stm32.9-2020-q2-update.win32_2.0.0.202105311346/tools/bin/../lib/gcc/arm-none-eabi/9.3.1/thumb/v7-m/nofp\libgcc.a

.debug_info     0x0000000000000000    0x12b95
 .debug_info    0x0000000000000000      0xd3b ./Core/Src/button.o
 .debug_info    0x0000000000000d3b      0xb74 ./Core/Src/fsm_manual.o
 .debug_info    0x00000000000018af      0xb74 ./Core/Src/fsm_traffic_light.o
 .debug_info    0x0000000000002423      0xc02 ./Core/Src/global.o
 .debug_info    0x0000000000003025     0x18d1 ./Core/Src/main.o
 .debug_info    0x00000000000048f6      0xb74 ./Core/Src/ped_fsm.o
 .debug_info    0x000000000000546a      0xb74 ./Core/Src/ped_manual.o
 .debug_info    0x0000000000005fde      0x2cf ./Core/Src/physical.o
 .debug_info    0x00000000000062ad      0xb8b ./Core/Src/scheduler.o
 .debug_info    0x0000000000006e38      0x2cf ./Core/Src/software_timer.o
 .debug_info    0x0000000000007107      0xec8 ./Core/Src/stm32f1xx_hal_msp.o
 .debug_info    0x0000000000007fcf      0xa69 ./Core/Src/stm32f1xx_it.o
 .debug_info    0x0000000000008a38      0x2be ./Core/Src/system_stm32f1xx.o
 .debug_info    0x0000000000008cf6       0x22 ./Core/Startup/startup_stm32f103rbtx.o
 .debug_info    0x0000000000008d18      0x76a ./Drivers/STM32F1xx_HAL_Driver/Src/stm32f1xx_hal.o
 .debug_info    0x0000000000009482      0xbdc ./Drivers/STM32F1xx_HAL_Driver/Src/stm32f1xx_hal_cortex.o
 .debug_info    0x000000000000a05e      0x823 ./Drivers/STM32F1xx_HAL_Driver/Src/stm32f1xx_hal_dma.o
 .debug_info    0x000000000000a881      0x701 ./Drivers/STM32F1xx_HAL_Driver/Src/stm32f1xx_hal_gpio.o
 .debug_info    0x000000000000af82      0x893 ./Drivers/STM32F1xx_HAL_Driver/Src/stm32f1xx_hal_rcc.o
 .debug_info    0x000000000000b815     0x2c12 ./Drivers/STM32F1xx_HAL_Driver/Src/stm32f1xx_hal_tim.o
 .debug_info    0x000000000000e427     0x157f ./Drivers/STM32F1xx_HAL_Driver/Src/stm32f1xx_hal_tim_ex.o
 .debug_info    0x000000000000f9a6     0x31ef ./Drivers/STM32F1xx_HAL_Driver/Src/stm32f1xx_hal_uart.o

.debug_abbrev   0x0000000000000000     0x2a8c
 .debug_abbrev  0x0000000000000000      0x267 ./Core/Src/button.o
 .debug_abbrev  0x0000000000000267      0x1c8 ./Core/Src/fsm_manual.o
 .debug_abbrev  0x000000000000042f      0x1c8 ./Core/Src/fsm_traffic_light.o
 .debug_abbrev  0x00000000000005f7      0x1bb ./Core/Src/global.o
 .debug_abbrev  0x00000000000007b2      0x30a ./Core/Src/main.o
 .debug_abbrev  0x0000000000000abc      0x1c8 ./Core/Src/ped_fsm.o
 .debug_abbrev  0x0000000000000c84      0x1c8 ./Core/Src/ped_manual.o
 .debug_abbrev  0x0000000000000e4c       0xff ./Core/Src/physical.o
 .debug_abbrev  0x0000000000000f4b      0x28e ./Core/Src/scheduler.o
 .debug_abbrev  0x00000000000011d9       0xb6 ./Core/Src/software_timer.o
 .debug_abbrev  0x000000000000128f      0x1f5 ./Core/Src/stm32f1xx_hal_msp.o
 .debug_abbrev  0x0000000000001484      0x176 ./Core/Src/stm32f1xx_it.o
 .debug_abbrev  0x00000000000015fa      0x14e ./Core/Src/system_stm32f1xx.o
 .debug_abbrev  0x0000000000001748       0x12 ./Core/Startup/startup_stm32f103rbtx.o
 .debug_abbrev  0x000000000000175a      0x1ed ./Drivers/STM32F1xx_HAL_Driver/Src/stm32f1xx_hal.o
 .debug_abbrev  0x0000000000001947      0x313 ./Drivers/STM32F1xx_HAL_Driver/Src/stm32f1xx_hal_cortex.o
 .debug_abbrev  0x0000000000001c5a      0x228 ./Drivers/STM32F1xx_HAL_Driver/Src/stm32f1xx_hal_dma.o
 .debug_abbrev  0x0000000000001e82      0x1e8 ./Drivers/STM32F1xx_HAL_Driver/Src/stm32f1xx_hal_gpio.o
 .debug_abbrev  0x000000000000206a      0x273 ./Drivers/STM32F1xx_HAL_Driver/Src/stm32f1xx_hal_rcc.o
 .debug_abbrev  0x00000000000022dd      0x25e ./Drivers/STM32F1xx_HAL_Driver/Src/stm32f1xx_hal_tim.o
 .debug_abbrev  0x000000000000253b      0x266 ./Drivers/STM32F1xx_HAL_Driver/Src/stm32f1xx_hal_tim_ex.o
 .debug_abbrev  0x00000000000027a1      0x2eb ./Drivers/STM32F1xx_HAL_Driver/Src/stm32f1xx_hal_uart.o

.debug_aranges  0x0000000000000000      0xdd8
 .debug_aranges
                0x0000000000000000       0x30 ./Core/Src/button.o
 .debug_aranges
                0x0000000000000030       0x20 ./Core/Src/fsm_manual.o
 .debug_aranges
                0x0000000000000050       0x20 ./Core/Src/fsm_traffic_light.o
 .debug_aranges
                0x0000000000000070       0x18 ./Core/Src/global.o
 .debug_aranges
                0x0000000000000088       0x58 ./Core/Src/main.o
 .debug_aranges
                0x00000000000000e0       0x20 ./Core/Src/ped_fsm.o
 .debug_aranges
                0x0000000000000100       0x20 ./Core/Src/ped_manual.o
 .debug_aranges
                0x0000000000000120       0x60 ./Core/Src/physical.o
 .debug_aranges
                0x0000000000000180       0x50 ./Core/Src/scheduler.o
 .debug_aranges
                0x00000000000001d0       0x60 ./Core/Src/software_timer.o
 .debug_aranges
                0x0000000000000230       0x58 ./Core/Src/stm32f1xx_hal_msp.o
 .debug_aranges
                0x0000000000000288       0x78 ./Core/Src/stm32f1xx_it.o
 .debug_aranges
                0x0000000000000300       0x28 ./Core/Src/system_stm32f1xx.o
 .debug_aranges
                0x0000000000000328       0x28 ./Core/Startup/startup_stm32f103rbtx.o
 .debug_aranges
                0x0000000000000350       0xe0 ./Drivers/STM32F1xx_HAL_Driver/Src/stm32f1xx_hal.o
 .debug_aranges
                0x0000000000000430      0x100 ./Drivers/STM32F1xx_HAL_Driver/Src/stm32f1xx_hal_cortex.o
 .debug_aranges
                0x0000000000000530       0x80 ./Drivers/STM32F1xx_HAL_Driver/Src/stm32f1xx_hal_dma.o
 .debug_aranges
                0x00000000000005b0       0x58 ./Drivers/STM32F1xx_HAL_Driver/Src/stm32f1xx_hal_gpio.o
 .debug_aranges
                0x0000000000000608       0x90 ./Drivers/STM32F1xx_HAL_Driver/Src/stm32f1xx_hal_rcc.o
 .debug_aranges
                0x0000000000000698      0x3d0 ./Drivers/STM32F1xx_HAL_Driver/Src/stm32f1xx_hal_tim.o
 .debug_aranges
                0x0000000000000a68      0x168 ./Drivers/STM32F1xx_HAL_Driver/Src/stm32f1xx_hal_tim_ex.o
 .debug_aranges
                0x0000000000000bd0      0x208 ./Drivers/STM32F1xx_HAL_Driver/Src/stm32f1xx_hal_uart.o

.debug_ranges   0x0000000000000000      0xca8
 .debug_ranges  0x0000000000000000       0x20 ./Core/Src/button.o
 .debug_ranges  0x0000000000000020       0x10 ./Core/Src/fsm_manual.o
 .debug_ranges  0x0000000000000030       0x10 ./Core/Src/fsm_traffic_light.o
 .debug_ranges  0x0000000000000040       0x48 ./Core/Src/main.o
 .debug_ranges  0x0000000000000088       0x10 ./Core/Src/ped_fsm.o
 .debug_ranges  0x0000000000000098       0x10 ./Core/Src/ped_manual.o
 .debug_ranges  0x00000000000000a8       0x50 ./Core/Src/physical.o
 .debug_ranges  0x00000000000000f8       0x40 ./Core/Src/scheduler.o
 .debug_ranges  0x0000000000000138       0x50 ./Core/Src/software_timer.o
 .debug_ranges  0x0000000000000188       0x48 ./Core/Src/stm32f1xx_hal_msp.o
 .debug_ranges  0x00000000000001d0       0x68 ./Core/Src/stm32f1xx_it.o
 .debug_ranges  0x0000000000000238       0x18 ./Core/Src/system_stm32f1xx.o
 .debug_ranges  0x0000000000000250       0x20 ./Core/Startup/startup_stm32f103rbtx.o
 .debug_ranges  0x0000000000000270       0xd0 ./Drivers/STM32F1xx_HAL_Driver/Src/stm32f1xx_hal.o
 .debug_ranges  0x0000000000000340       0xf0 ./Drivers/STM32F1xx_HAL_Driver/Src/stm32f1xx_hal_cortex.o
 .debug_ranges  0x0000000000000430       0x70 ./Drivers/STM32F1xx_HAL_Driver/Src/stm32f1xx_hal_dma.o
 .debug_ranges  0x00000000000004a0       0x48 ./Drivers/STM32F1xx_HAL_Driver/Src/stm32f1xx_hal_gpio.o
 .debug_ranges  0x00000000000004e8       0x80 ./Drivers/STM32F1xx_HAL_Driver/Src/stm32f1xx_hal_rcc.o
 .debug_ranges  0x0000000000000568      0x3c0 ./Drivers/STM32F1xx_HAL_Driver/Src/stm32f1xx_hal_tim.o
 .debug_ranges  0x0000000000000928      0x158 ./Drivers/STM32F1xx_HAL_Driver/Src/stm32f1xx_hal_tim_ex.o
 .debug_ranges  0x0000000000000a80      0x228 ./Drivers/STM32F1xx_HAL_Driver/Src/stm32f1xx_hal_uart.o

.debug_macro    0x0000000000000000    0x197ff
 .debug_macro   0x0000000000000000      0x385 ./Core/Src/button.o
 .debug_macro   0x0000000000000385      0xa9c ./Core/Src/button.o
 .debug_macro   0x0000000000000e21      0x21b ./Core/Src/button.o
 .debug_macro   0x000000000000103c       0x2e ./Core/Src/button.o
 .debug_macro   0x000000000000106a       0x22 ./Core/Src/button.o
 .debug_macro   0x000000000000108c       0x22 ./Core/Src/button.o
 .debug_macro   0x00000000000010ae       0x8e ./Core/Src/button.o
 .debug_macro   0x000000000000113c       0x51 ./Core/Src/button.o
 .debug_macro   0x000000000000118d      0x103 ./Core/Src/button.o
 .debug_macro   0x0000000000001290       0x6a ./Core/Src/button.o
 .debug_macro   0x00000000000012fa      0x1df ./Core/Src/button.o
 .debug_macro   0x00000000000014d9       0x1c ./Core/Src/button.o
 .debug_macro   0x00000000000014f5       0x22 ./Core/Src/button.o
 .debug_macro   0x0000000000001517       0xc3 ./Core/Src/button.o
 .debug_macro   0x00000000000015da      0xd23 ./Core/Src/button.o
 .debug_macro   0x00000000000022fd     0xe09e ./Core/Src/button.o
 .debug_macro   0x000000000001039b       0x6d ./Core/Src/button.o
 .debug_macro   0x0000000000010408     0x348d ./Core/Src/button.o
 .debug_macro   0x0000000000013895      0x174 ./Core/Src/button.o
 .debug_macro   0x0000000000013a09       0x5c ./Core/Src/button.o
 .debug_macro   0x0000000000013a65      0x5bc ./Core/Src/button.o
 .debug_macro   0x0000000000014021      0x289 ./Core/Src/button.o
 .debug_macro   0x00000000000142aa      0x1cb ./Core/Src/button.o
 .debug_macro   0x0000000000014475      0x114 ./Core/Src/button.o
 .debug_macro   0x0000000000014589      0x1b2 ./Core/Src/button.o
 .debug_macro   0x000000000001473b       0x27 ./Core/Src/button.o
 .debug_macro   0x0000000000014762      0x136 ./Core/Src/button.o
 .debug_macro   0x0000000000014898      0x1bc ./Core/Src/button.o
 .debug_macro   0x0000000000014a54       0x34 ./Core/Src/button.o
 .debug_macro   0x0000000000014a88       0x3c ./Core/Src/button.o
 .debug_macro   0x0000000000014ac4       0x57 ./Core/Src/button.o
 .debug_macro   0x0000000000014b1b       0x87 ./Core/Src/button.o
 .debug_macro   0x0000000000014ba2      0x240 ./Core/Src/button.o
 .debug_macro   0x0000000000014de2      0x140 ./Core/Src/button.o
 .debug_macro   0x0000000000014f22      0x8ed ./Core/Src/button.o
 .debug_macro   0x000000000001580f      0x28e ./Core/Src/button.o
 .debug_macro   0x0000000000015a9d       0x83 ./Core/Src/button.o
 .debug_macro   0x0000000000015b20       0x88 ./Core/Src/button.o
 .debug_macro   0x0000000000015ba8       0x52 ./Core/Src/button.o
 .debug_macro   0x0000000000015bfa       0x18 ./Core/Src/button.o
 .debug_macro   0x0000000000015c12       0x3c ./Core/Src/button.o
 .debug_macro   0x0000000000015c4e       0x34 ./Core/Src/button.o
 .debug_macro   0x0000000000015c82       0x16 ./Core/Src/button.o
 .debug_macro   0x0000000000015c98       0x35 ./Core/Src/button.o
 .debug_macro   0x0000000000015ccd      0x333 ./Core/Src/button.o
 .debug_macro   0x0000000000016000       0x10 ./Core/Src/button.o
 .debug_macro   0x0000000000016010       0x16 ./Core/Src/button.o
 .debug_macro   0x0000000000016026       0x43 ./Core/Src/button.o
 .debug_macro   0x0000000000016069       0x34 ./Core/Src/button.o
 .debug_macro   0x000000000001609d       0x10 ./Core/Src/button.o
 .debug_macro   0x00000000000160ad       0x58 ./Core/Src/button.o
 .debug_macro   0x0000000000016105       0x71 ./Core/Src/button.o
 .debug_macro   0x0000000000016176       0x1c ./Core/Src/button.o
 .debug_macro   0x0000000000016192      0x12a ./Core/Src/button.o
 .debug_macro   0x00000000000162bc       0x10 ./Core/Src/button.o
 .debug_macro   0x00000000000162cc       0x1c ./Core/Src/button.o
 .debug_macro   0x00000000000162e8       0x52 ./Core/Src/button.o
 .debug_macro   0x000000000001633a       0x22 ./Core/Src/button.o
 .debug_macro   0x000000000001635c       0x10 ./Core/Src/button.o
 .debug_macro   0x000000000001636c       0x40 ./Core/Src/button.o
 .debug_macro   0x00000000000163ac       0xd5 ./Core/Src/button.o
 .debug_macro   0x0000000000016481       0x1c ./Core/Src/button.o
 .debug_macro   0x000000000001649d       0x3d ./Core/Src/button.o
 .debug_macro   0x00000000000164da       0x16 ./Core/Src/button.o
 .debug_macro   0x00000000000164f0      0x145 ./Core/Src/button.o
 .debug_macro   0x0000000000016635       0x16 ./Core/Src/button.o
 .debug_macro   0x000000000001664b       0x10 ./Core/Src/button.o
 .debug_macro   0x000000000001665b       0x10 ./Core/Src/button.o
 .debug_macro   0x000000000001666b       0x35 ./Core/Src/button.o
 .debug_macro   0x00000000000166a0       0x10 ./Core/Src/button.o
 .debug_macro   0x00000000000166b0       0x52 ./Core/Src/button.o
 .debug_macro   0x0000000000016702       0x16 ./Core/Src/button.o
 .debug_macro   0x0000000000016718      0x38f ./Core/Src/fsm_manual.o
 .debug_macro   0x0000000000016aa7      0x38f ./Core/Src/fsm_traffic_light.o
 .debug_macro   0x0000000000016e36      0x385 ./Core/Src/global.o
 .debug_macro   0x00000000000171bb      0x3b1 ./Core/Src/main.o
 .debug_macro   0x000000000001756c      0x38f ./Core/Src/ped_fsm.o
 .debug_macro   0x00000000000178fb      0x38f ./Core/Src/ped_manual.o
 .debug_macro   0x0000000000017c8a      0x1bc ./Core/Src/physical.o
 .debug_macro   0x0000000000017e46      0x205 ./Core/Src/scheduler.o
 .debug_macro   0x000000000001804b       0x97 ./Core/Src/scheduler.o
 .debug_macro   0x00000000000180e2      0x339 ./Core/Src/scheduler.o
 .debug_macro   0x000000000001841b       0xfd ./Core/Src/scheduler.o
 .debug_macro   0x0000000000018518       0x1b ./Core/Src/software_timer.o
 .debug_macro   0x0000000000018533      0x1b2 ./Core/Src/stm32f1xx_hal_msp.o
 .debug_macro   0x00000000000186e5      0x1bc ./Core/Src/stm32f1xx_it.o
 .debug_macro   0x00000000000188a1      0x1a3 ./Core/Src/system_stm32f1xx.o
 .debug_macro   0x0000000000018a44      0x1c7 ./Drivers/STM32F1xx_HAL_Driver/Src/stm32f1xx_hal.o
 .debug_macro   0x0000000000018c0b      0x1a3 ./Drivers/STM32F1xx_HAL_Driver/Src/stm32f1xx_hal_cortex.o
 .debug_macro   0x0000000000018dae      0x1a3 ./Drivers/STM32F1xx_HAL_Driver/Src/stm32f1xx_hal_dma.o
 .debug_macro   0x0000000000018f51      0x20e ./Drivers/STM32F1xx_HAL_Driver/Src/stm32f1xx_hal_gpio.o
 .debug_macro   0x000000000001915f      0x1b5 ./Drivers/STM32F1xx_HAL_Driver/Src/stm32f1xx_hal_rcc.o
 .debug_macro   0x0000000000019314      0x1a4 ./Drivers/STM32F1xx_HAL_Driver/Src/stm32f1xx_hal_tim.o
 .debug_macro   0x00000000000194b8      0x1a3 ./Drivers/STM32F1xx_HAL_Driver/Src/stm32f1xx_hal_tim_ex.o
 .debug_macro   0x000000000001965b      0x1a4 ./Drivers/STM32F1xx_HAL_Driver/Src/stm32f1xx_hal_uart.o

.debug_line     0x0000000000000000    0x11796
 .debug_line    0x0000000000000000      0x962 ./Core/Src/button.o
 .debug_line    0x0000000000000962      0x9d2 ./Core/Src/fsm_manual.o
 .debug_line    0x0000000000001334      0xa33 ./Core/Src/fsm_traffic_light.o
 .debug_line    0x0000000000001d67      0x8a4 ./Core/Src/global.o
 .debug_line    0x000000000000260b      0xad6 ./Core/Src/main.o
 .debug_line    0x00000000000030e1      0x8d7 ./Core/Src/ped_fsm.o
 .debug_line    0x00000000000039b8      0x95f ./Core/Src/ped_manual.o
 .debug_line    0x0000000000004317      0x743 ./Core/Src/physical.o
 .debug_line    0x0000000000004a5a      0x7bc ./Core/Src/scheduler.o
 .debug_line    0x0000000000005216      0x1d5 ./Core/Src/software_timer.o
 .debug_line    0x00000000000053eb      0x777 ./Core/Src/stm32f1xx_hal_msp.o
 .debug_line    0x0000000000005b62      0x787 ./Core/Src/stm32f1xx_it.o
 .debug_line    0x00000000000062e9      0x6fb ./Core/Src/system_stm32f1xx.o
 .debug_line    0x00000000000069e4       0x86 ./Core/Startup/startup_stm32f103rbtx.o
 .debug_line    0x0000000000006a6a      0x928 ./Drivers/STM32F1xx_HAL_Driver/Src/stm32f1xx_hal.o
 .debug_line    0x0000000000007392      0xb10 ./Drivers/STM32F1xx_HAL_Driver/Src/stm32f1xx_hal_cortex.o
 .debug_line    0x0000000000007ea2      0xd81 ./Drivers/STM32F1xx_HAL_Driver/Src/stm32f1xx_hal_dma.o
 .debug_line    0x0000000000008c23      0x9c1 ./Drivers/STM32F1xx_HAL_Driver/Src/stm32f1xx_hal_gpio.o
 .debug_line    0x00000000000095e4      0xd34 ./Drivers/STM32F1xx_HAL_Driver/Src/stm32f1xx_hal_rcc.o
 .debug_line    0x000000000000a318     0x33a7 ./Drivers/STM32F1xx_HAL_Driver/Src/stm32f1xx_hal_tim.o
 .debug_line    0x000000000000d6bf     0x187e ./Drivers/STM32F1xx_HAL_Driver/Src/stm32f1xx_hal_tim_ex.o
 .debug_line    0x000000000000ef3d     0x2859 ./Drivers/STM32F1xx_HAL_Driver/Src/stm32f1xx_hal_uart.o

.debug_str      0x0000000000000000    0x8b03b
 .debug_str     0x0000000000000000    0x878be ./Core/Src/button.o
                                      0x87c9b (size before relaxing)
 .debug_str     0x00000000000878be       0x3b ./Core/Src/fsm_manual.o
                                      0x87c20 (size before relaxing)
 .debug_str     0x00000000000878f9       0x4c ./Core/Src/fsm_traffic_light.o
                                      0x87c31 (size before relaxing)
 .debug_str     0x0000000000087945       0x15 ./Core/Src/global.o
                                      0x87bfa (size before relaxing)
 .debug_str     0x000000000008795a      0x98f ./Core/Src/main.o
                                      0x8869b (size before relaxing)
 .debug_str     0x00000000000882e9       0x1e ./Core/Src/ped_fsm.o
                                      0x87c13 (size before relaxing)
 .debug_str     0x0000000000088307       0x2f ./Core/Src/ped_manual.o
                                      0x87c27 (size before relaxing)
 .debug_str     0x0000000000088336       0x62 ./Core/Src/physical.o
                                      0x838b6 (size before relaxing)
 .debug_str     0x0000000000088398       0xe4 ./Core/Src/scheduler.o
                                       0x82d5 (size before relaxing)
 .debug_str     0x000000000008847c       0xf7 ./Core/Src/software_timer.o
                                       0x2ec7 (size before relaxing)
 .debug_str     0x0000000000088573      0x365 ./Core/Src/stm32f1xx_hal_msp.o
                                      0x8433b (size before relaxing)
 .debug_str     0x00000000000888d8       0xef ./Core/Src/stm32f1xx_it.o
                                      0x83fd9 (size before relaxing)
 .debug_str     0x00000000000889c7       0x52 ./Core/Src/system_stm32f1xx.o
                                      0x836b0 (size before relaxing)
 .debug_str     0x0000000000088a19       0x36 ./Core/Startup/startup_stm32f103rbtx.o
                                         0x6c (size before relaxing)
 .debug_str     0x0000000000088a4f      0x304 ./Drivers/STM32F1xx_HAL_Driver/Src/stm32f1xx_hal.o
                                      0x83d41 (size before relaxing)
 .debug_str     0x0000000000088d53      0x300 ./Drivers/STM32F1xx_HAL_Driver/Src/stm32f1xx_hal_cortex.o
                                      0x83d49 (size before relaxing)
 .debug_str     0x0000000000089053      0x235 ./Drivers/STM32F1xx_HAL_Driver/Src/stm32f1xx_hal_dma.o
                                      0x83a8b (size before relaxing)
 .debug_str     0x0000000000089288      0x31f ./Drivers/STM32F1xx_HAL_Driver/Src/stm32f1xx_hal_gpio.o
                                      0x83a74 (size before relaxing)
 .debug_str     0x00000000000895a7      0x24f ./Drivers/STM32F1xx_HAL_Driver/Src/stm32f1xx_hal_rcc.o
                                      0x83aad (size before relaxing)
 .debug_str     0x00000000000897f6      0xd3e ./Drivers/STM32F1xx_HAL_Driver/Src/stm32f1xx_hal_tim.o
                                      0x84a86 (size before relaxing)
 .debug_str     0x000000000008a534      0x4ee ./Drivers/STM32F1xx_HAL_Driver/Src/stm32f1xx_hal_tim_ex.o
                                      0x84237 (size before relaxing)
 .debug_str     0x000000000008aa22      0x619 ./Drivers/STM32F1xx_HAL_Driver/Src/stm32f1xx_hal_uart.o
                                      0x84105 (size before relaxing)

.comment        0x0000000000000000       0x53
 .comment       0x0000000000000000       0x53 ./Core/Src/button.o
                                         0x54 (size before relaxing)
 .comment       0x0000000000000053       0x54 ./Core/Src/fsm_manual.o
 .comment       0x0000000000000053       0x54 ./Core/Src/fsm_traffic_light.o
 .comment       0x0000000000000053       0x54 ./Core/Src/global.o
 .comment       0x0000000000000053       0x54 ./Core/Src/main.o
 .comment       0x0000000000000053       0x54 ./Core/Src/ped_fsm.o
 .comment       0x0000000000000053       0x54 ./Core/Src/ped_manual.o
 .comment       0x0000000000000053       0x54 ./Core/Src/physical.o
 .comment       0x0000000000000053       0x54 ./Core/Src/scheduler.o
 .comment       0x0000000000000053       0x54 ./Core/Src/software_timer.o
 .comment       0x0000000000000053       0x54 ./Core/Src/stm32f1xx_hal_msp.o
 .comment       0x0000000000000053       0x54 ./Core/Src/stm32f1xx_it.o
 .comment       0x0000000000000053       0x54 ./Core/Src/system_stm32f1xx.o
 .comment       0x0000000000000053       0x54 ./Drivers/STM32F1xx_HAL_Driver/Src/stm32f1xx_hal.o
 .comment       0x0000000000000053       0x54 ./Drivers/STM32F1xx_HAL_Driver/Src/stm32f1xx_hal_cortex.o
 .comment       0x0000000000000053       0x54 ./Drivers/STM32F1xx_HAL_Driver/Src/stm32f1xx_hal_dma.o
 .comment       0x0000000000000053       0x54 ./Drivers/STM32F1xx_HAL_Driver/Src/stm32f1xx_hal_gpio.o
 .comment       0x0000000000000053       0x54 ./Drivers/STM32F1xx_HAL_Driver/Src/stm32f1xx_hal_rcc.o
 .comment       0x0000000000000053       0x54 ./Drivers/STM32F1xx_HAL_Driver/Src/stm32f1xx_hal_tim.o
 .comment       0x0000000000000053       0x54 ./Drivers/STM32F1xx_HAL_Driver/Src/stm32f1xx_hal_tim_ex.o
 .comment       0x0000000000000053       0x54 ./Drivers/STM32F1xx_HAL_Driver/Src/stm32f1xx_hal_uart.o

.debug_frame    0x0000000000000000     0x3710
 .debug_frame   0x0000000000000000       0x84 ./Core/Src/button.o
 .debug_frame   0x0000000000000084       0x2c ./Core/Src/fsm_manual.o
 .debug_frame   0x00000000000000b0       0x2c ./Core/Src/fsm_traffic_light.o
 .debug_frame   0x00000000000000dc      0x114 ./Core/Src/main.o
 .debug_frame   0x00000000000001f0       0x2c ./Core/Src/ped_fsm.o
 .debug_frame   0x000000000000021c       0x2c ./Core/Src/ped_manual.o
 .debug_frame   0x0000000000000248      0x10c ./Core/Src/physical.o
 .debug_frame   0x0000000000000354      0x11c ./Core/Src/scheduler.o
 .debug_frame   0x0000000000000470      0x170 ./Core/Src/software_timer.o
 .debug_frame   0x00000000000005e0      0x134 ./Core/Src/stm32f1xx_hal_msp.o
 .debug_frame   0x0000000000000714      0x158 ./Core/Src/stm32f1xx_it.o
 .debug_frame   0x000000000000086c       0x58 ./Core/Src/system_stm32f1xx.o
 .debug_frame   0x00000000000008c4      0x334 ./Drivers/STM32F1xx_HAL_Driver/Src/stm32f1xx_hal.o
 .debug_frame   0x0000000000000bf8      0x428 ./Drivers/STM32F1xx_HAL_Driver/Src/stm32f1xx_hal_cortex.o
 .debug_frame   0x0000000000001020      0x208 ./Drivers/STM32F1xx_HAL_Driver/Src/stm32f1xx_hal_dma.o
 .debug_frame   0x0000000000001228      0x14c ./Drivers/STM32F1xx_HAL_Driver/Src/stm32f1xx_hal_gpio.o
 .debug_frame   0x0000000000001374      0x218 ./Drivers/STM32F1xx_HAL_Driver/Src/stm32f1xx_hal_rcc.o
 .debug_frame   0x000000000000158c     0x11bc ./Drivers/STM32F1xx_HAL_Driver/Src/stm32f1xx_hal_tim.o
 .debug_frame   0x0000000000002748      0x638 ./Drivers/STM32F1xx_HAL_Driver/Src/stm32f1xx_hal_tim_ex.o
 .debug_frame   0x0000000000002d80      0x944 ./Drivers/STM32F1xx_HAL_Driver/Src/stm32f1xx_hal_uart.o
 .debug_frame   0x00000000000036c4       0x2c c:/st/stm32cubeide_1.7.0/stm32cubeide/plugins/com.st.stm32cube.ide.mcu.externaltools.gnu-tools-for-stm32.9-2020-q2-update.win32_2.0.0.202105311346/tools/bin/../lib/gcc/arm-none-eabi/9.3.1/../../../../arm-none-eabi/lib/thumb/v7-m/nofp\libc_nano.a(lib_a-init.o)
 .debug_frame   0x00000000000036f0       0x20 c:/st/stm32cubeide_1.7.0/stm32cubeide/plugins/com.st.stm32cube.ide.mcu.externaltools.gnu-tools-for-stm32.9-2020-q2-update.win32_2.0.0.202105311346/tools/bin/../lib/gcc/arm-none-eabi/9.3.1/../../../../arm-none-eabi/lib/thumb/v7-m/nofp\libc_nano.a(lib_a-memset.o)

.stabstr        0x0000000000000000       0x4e
 .stabstr       0x0000000000000000       0x4e c:/st/stm32cubeide_1.7.0/stm32cubeide/plugins/com.st.stm32cube.ide.mcu.externaltools.gnu-tools-for-stm32.9-2020-q2-update.win32_2.0.0.202105311346/tools/bin/../lib/gcc/arm-none-eabi/9.3.1/../../../../arm-none-eabi/lib/thumb/v7-m/nofp\libnosys.a(gettod.o)
