Archive member included to satisfy reference by file (symbol)

c:/st/stm32cubeide_1.7.0/stm32cubeide/plugins/com.st.stm32cube.ide.mcu.externaltools.gnu-tools-for-stm32.9-2020-q2-update.win32_2.0.0.202105311346/tools/bin/../lib/gcc/arm-none-eabi/9.3.1/../../../../arm-none-eabi/lib/thumb/v7-m/nofp\libc_nano.a(lib_a-errno.o)
                              ./Core/Src/syscalls.o (__errno)
c:/st/stm32cubeide_1.7.0/stm32cubeide/plugins/com.st.stm32cube.ide.mcu.externaltools.gnu-tools-for-stm32.9-2020-q2-update.win32_2.0.0.202105311346/tools/bin/../lib/gcc/arm-none-eabi/9.3.1/../../../../arm-none-eabi/lib/thumb/v7-m/nofp\libc_nano.a(lib_a-exit.o)
                              c:/st/stm32cubeide_1.7.0/stm32cubeide/plugins/com.st.stm32cube.ide.mcu.externaltools.gnu-tools-for-stm32.9-2020-q2-update.win32_2.0.0.202105311346/tools/bin/../lib/gcc/arm-none-eabi/9.3.1/../../../../arm-none-eabi/lib/thumb/v7-m/nofp/crt0.o (exit)
c:/st/stm32cubeide_1.7.0/stm32cubeide/plugins/com.st.stm32cube.ide.mcu.externaltools.gnu-tools-for-stm32.9-2020-q2-update.win32_2.0.0.202105311346/tools/bin/../lib/gcc/arm-none-eabi/9.3.1/../../../../arm-none-eabi/lib/thumb/v7-m/nofp\libc_nano.a(lib_a-impure.o)
                              c:/st/stm32cubeide_1.7.0/stm32cubeide/plugins/com.st.stm32cube.ide.mcu.externaltools.gnu-tools-for-stm32.9-2020-q2-update.win32_2.0.0.202105311346/tools/bin/../lib/gcc/arm-none-eabi/9.3.1/../../../../arm-none-eabi/lib/thumb/v7-m/nofp\libc_nano.a(lib_a-exit.o) (_global_impure_ptr)
c:/st/stm32cubeide_1.7.0/stm32cubeide/plugins/com.st.stm32cube.ide.mcu.externaltools.gnu-tools-for-stm32.9-2020-q2-update.win32_2.0.0.202105311346/tools/bin/../lib/gcc/arm-none-eabi/9.3.1/../../../../arm-none-eabi/lib/thumb/v7-m/nofp\libc_nano.a(lib_a-init.o)
                              c:/st/stm32cubeide_1.7.0/stm32cubeide/plugins/com.st.stm32cube.ide.mcu.externaltools.gnu-tools-for-stm32.9-2020-q2-update.win32_2.0.0.202105311346/tools/bin/../lib/gcc/arm-none-eabi/9.3.1/../../../../arm-none-eabi/lib/thumb/v7-m/nofp/crt0.o (__libc_init_array)
c:/st/stm32cubeide_1.7.0/stm32cubeide/plugins/com.st.stm32cube.ide.mcu.externaltools.gnu-tools-for-stm32.9-2020-q2-update.win32_2.0.0.202105311346/tools/bin/../lib/gcc/arm-none-eabi/9.3.1/../../../../arm-none-eabi/lib/thumb/v7-m/nofp\libc_nano.a(lib_a-memset.o)
                              c:/st/stm32cubeide_1.7.0/stm32cubeide/plugins/com.st.stm32cube.ide.mcu.externaltools.gnu-tools-for-stm32.9-2020-q2-update.win32_2.0.0.202105311346/tools/bin/../lib/gcc/arm-none-eabi/9.3.1/../../../../arm-none-eabi/lib/thumb/v7-m/nofp/crt0.o (memset)
c:/st/stm32cubeide_1.7.0/stm32cubeide/plugins/com.st.stm32cube.ide.mcu.externaltools.gnu-tools-for-stm32.9-2020-q2-update.win32_2.0.0.202105311346/tools/bin/../lib/gcc/arm-none-eabi/9.3.1/../../../../arm-none-eabi/lib/thumb/v7-m/nofp\libc_nano.a(lib_a-printf.o)
                              ./Core/Src/scheduler.o (printf)
c:/st/stm32cubeide_1.7.0/stm32cubeide/plugins/com.st.stm32cube.ide.mcu.externaltools.gnu-tools-for-stm32.9-2020-q2-update.win32_2.0.0.202105311346/tools/bin/../lib/gcc/arm-none-eabi/9.3.1/../../../../arm-none-eabi/lib/thumb/v7-m/nofp\libc_nano.a(lib_a-time.o)
                              ./Core/Src/scheduler.o (time)
c:/st/stm32cubeide_1.7.0/stm32cubeide/plugins/com.st.stm32cube.ide.mcu.externaltools.gnu-tools-for-stm32.9-2020-q2-update.win32_2.0.0.202105311346/tools/bin/../lib/gcc/arm-none-eabi/9.3.1/../../../../arm-none-eabi/lib/thumb/v7-m/nofp\libc_nano.a(lib_a-findfp.o)
                              c:/st/stm32cubeide_1.7.0/stm32cubeide/plugins/com.st.stm32cube.ide.mcu.externaltools.gnu-tools-for-stm32.9-2020-q2-update.win32_2.0.0.202105311346/tools/bin/../lib/gcc/arm-none-eabi/9.3.1/../../../../arm-none-eabi/lib/thumb/v7-m/nofp\libc_nano.a(lib_a-printf.o) (__sinit)
c:/st/stm32cubeide_1.7.0/stm32cubeide/plugins/com.st.stm32cube.ide.mcu.externaltools.gnu-tools-for-stm32.9-2020-q2-update.win32_2.0.0.202105311346/tools/bin/../lib/gcc/arm-none-eabi/9.3.1/../../../../arm-none-eabi/lib/thumb/v7-m/nofp\libc_nano.a(lib_a-fwalk.o)
                              c:/st/stm32cubeide_1.7.0/stm32cubeide/plugins/com.st.stm32cube.ide.mcu.externaltools.gnu-tools-for-stm32.9-2020-q2-update.win32_2.0.0.202105311346/tools/bin/../lib/gcc/arm-none-eabi/9.3.1/../../../../arm-none-eabi/lib/thumb/v7-m/nofp\libc_nano.a(lib_a-findfp.o) (_fwalk)
c:/st/stm32cubeide_1.7.0/stm32cubeide/plugins/com.st.stm32cube.ide.mcu.externaltools.gnu-tools-for-stm32.9-2020-q2-update.win32_2.0.0.202105311346/tools/bin/../lib/gcc/arm-none-eabi/9.3.1/../../../../arm-none-eabi/lib/thumb/v7-m/nofp\libc_nano.a(lib_a-gettimeofdayr.o)
                              c:/st/stm32cubeide_1.7.0/stm32cubeide/plugins/com.st.stm32cube.ide.mcu.externaltools.gnu-tools-for-stm32.9-2020-q2-update.win32_2.0.0.202105311346/tools/bin/../lib/gcc/arm-none-eabi/9.3.1/../../../../arm-none-eabi/lib/thumb/v7-m/nofp\libc_nano.a(lib_a-time.o) (_gettimeofday_r)
[...]
Memory Configuration

Name             Origin             Length             Attributes
RAM              0x0000000020000000 0x0000000000005000 xrw
FLASH            0x0000000008000000 0x0000000000020000 xr
*default*        0x0000000000000000 0xffffffffffffffff

Linker script and memory map

LOAD c:/st/stm32cubeide_1.7.0/stm32cubeide/plugins/com.st.stm32cube.ide.mcu.externaltools.gnu-tools-for-stm32.9-2020-q2-update.win32_2.0.0.202105311346/tools/bin/../lib/gcc/arm-none-eabi/9.3.1/thumb/v7-m/nofp/crti.o
LOAD c:/st/stm32cubeide_1.7.0/stm32cubeide/plugins/com.st.stm32cube.ide.mcu.externaltools.gnu-tools-for-stm32.9-2020-q2-update.win32_2.0.0.202105311346/tools/bin/../lib/gcc/arm-none-eabi/9.3.1/thumb/v7-m/nofp/crtbegin.o
LOAD c:/st/stm32cubeide_1.7.0/stm32cubeide/plugins/com.st.stm32cube.ide.mcu.externaltools.gnu-tools-for-stm32.9-2020-q2-update.win32_2.0.0.202105311346/tools/bin/../lib/gcc/arm-none-eabi/9.3.1/../../../../arm-none-eabi/lib/thumb/v7-m/nofp/crt0.o
LOAD ./Core/Src/button.o
LOAD ./Core/Src/fsm_manual.o
LOAD ./Core/Src/fsm_traffic_light.o
LOAD ./Core/Src/global.o
LOAD ./Core/Src/main.o
LOAD ./Core/Src/physical.o
LOAD ./Core/Src/scheduler.o
LOAD ./Core/Src/software_timer.o
LOAD ./Core/Src/stm32f1xx_hal_msp.o
LOAD ./Core/Src/stm32f1xx_it.o
LOAD ./Core/Src/syscalls.o
LOAD ./Core/Src/sysmem.o
LOAD ./Core/Src/system_stm32f1xx.o
LOAD ./Core/Startup/startup_stm32f103rbtx.o
LOAD ./Drivers/STM32F1xx_HAL_Driver/Src/stm32f1xx_hal.o
LOAD ./Drivers/STM32F1xx_HAL_Driver/Src/stm32f1xx_hal_cortex.o
LOAD ./Drivers/STM32F1xx_HAL_Driver/Src/stm32f1xx_hal_dma.o
LOAD ./Drivers/STM32F1xx_HAL_Driver/Src/stm32f1xx_hal_exti.o
LOAD ./Drivers/STM32F1xx_HAL_Driver/Src/stm32f1xx_hal_flash.o
LOAD ./Drivers/STM32F1xx_HAL_Driver/Src/stm32f1xx_hal_flash_ex.o
LOAD ./Drivers/STM32F1xx_HAL_Driver/Src/stm32f1xx_hal_gpio.o
LOAD ./Drivers/STM32F1xx_HAL_Driver/Src/stm32f1xx_hal_gpio_ex.o
LOAD ./Drivers/STM32F1xx_HAL_Driver/Src/stm32f1xx_hal_pwr.o
LOAD ./Drivers/STM32F1xx_HAL_Driver/Src/stm32f1xx_hal_rcc.o
LOAD ./Drivers/STM32F1xx_HAL_Driver/Src/stm32f1xx_hal_rcc_ex.o
LOAD ./Drivers/STM32F1xx_HAL_Driver/Src/stm32f1xx_hal_tim.o
LOAD ./Drivers/STM32F1xx_HAL_Driver/Src/stm32f1xx_hal_tim_ex.o
LOAD ./Drivers/STM32F1xx_HAL_Driver/Src/stm32f1xx_hal_uart.o
START GROUP
LOAD c:/st/stm32cubeide_1.7.0/stm32cubeide/plugins/com.st.stm32cube.ide.mcu.externaltools.gnu-tools-for-stm32.9-2020-q2-update.win32_2.0.0.202105311346/tools/bin/../lib/gcc/arm-none-eabi/9.3.1/../../../../arm-none-eabi/lib/thumb/v7-m/nofp\libc_nano.a
LOAD c:/st/stm32cubeide_1.7.0/stm32cubeide/plugins/com.st.stm32cube.ide.mcu.externaltools.gnu-tools-for-stm32.9-2020-q2-update.win32_2.0.0.202105311346/tools/bin/../lib/gcc/arm-none-eabi/9.3.1/../../../../arm-none-eabi/lib/thumb/v7-m/nofp\libm.a
END GROUP
START GROUP
LOAD c:/st/stm32cubeide_1.7.0/stm32cubeide/plugins/com.st.stm32cube.ide.mcu.externaltools.gnu-tools-for-stm32.9-2020-q2-update.win32_2.0.0.202105311346/tools/bin/../lib/gcc/arm-none-eabi/9.3.1/thumb/v7-m/nofp\libgcc.a
LOAD c:/st/stm32cubeide_1.7.0/stm32cubeide/plugins/com.st.stm32cube.ide.mcu.externaltools.gnu-tools-for-stm32.9-2020-q2-update.win32_2.0.0.202105311346/tools/bin/../lib/gcc/arm-none-eabi/9.3.1/../../../../arm-none-eabi/lib/thumb/v7-m/nofp\libc_nano.a
END GROUP
START GROUP
LOAD c:/st/stm32cubeide_1.7.0/stm32cubeide/plugins/com.st.stm32cube.ide.mcu.externaltools.gnu-tools-for-stm32.9-2020-q2-update.win32_2.0.0.202105311346/tools/bin/../lib/gcc/arm-none-eabi/9.3.1/thumb/v7-m/nofp\libgcc.a
LOAD c:/st/stm32cubeide_1.7.0/stm32cubeide/plugins/com.st.stm32cube.ide.mcu.externaltools.gnu-tools-for-stm32.9-2020-q2-update.win32_2.0.0.202105311346/tools/bin/../lib/gcc/arm-none-eabi/9.3.1/../../../../arm-none-eabi/lib/thumb/v7-m/nofp\libc_nano.a
LOAD c:/st/stm32cubeide_1.7.0/stm32cubeide/plugins/com.st.stm32cube.ide.mcu.externaltools.gnu-tools-for-stm32.9-2020-q2-update.win32_2.0.0.202105311346/tools/bin/../lib/gcc/arm-none-eabi/9.3.1/../../../../arm-none-eabi/lib/thumb/v7-m/nofp\libnosys.a
END GROUP
START GROUP
LOAD c:/st/stm32cubeide_1.7.0/stm32cubeide/plugins/com.st.stm32cube.ide.mcu.externaltools.gnu-tools-for-stm32.9-2020-q2-update.win32_2.0.0.202105311346/tools/bin/../lib/gcc/arm-none-eabi/9.3.1/thumb/v7-m/nofp\libgcc.a
LOAD c:/st/stm32cubeide_1.7.0/stm32cubeide/plugins/com.st.stm32cube.ide.mcu.externaltools.gnu-tools-for-stm32.9-2020-q2-update.win32_2.0.0.202105311346/tools/bin/../lib/gcc/arm-none-eabi/9.3.1/../../../../arm-none-eabi/lib/thumb/v7-m/nofp\libc_nano.a
LOAD c:/st/stm32cubeide_1.7.0/stm32cubeide/plugins/com.st.stm32cube.ide.mcu.externaltools.gnu-tools-for-stm32.9-2020-q2-update.win32_2.0.0.202105311346/tools/bin/../lib/gcc/arm-none-eabi/9.3.1/../../../../arm-none-eabi/lib/thumb/v7-m/nofp\libnosys.a
END GROUP
LOAD c:/st/stm32cubeide_1.7.0/stm32cubeide/plugins/com.st.stm32cube.ide.mcu.externaltools.gnu-tools-for-stm32.9-2020-q2-update.win32_2.0.0.202105311346/tools/bin/../lib/gcc/arm-none-eabi/9.3.1/thumb/v7-m/nofp/crtend.o
LOAD c:/st/stm32cubeide_1.7.0/stm32cubeide/plugins/com.st.stm32cube.ide.mcu.externaltools.gnu-tools-for-stm32.9-2020-q2-update.win32_2.0.0.202105311346/tools/bin/../lib/gcc/arm-none-eabi/9.3.1/thumb/v7-m/nofp/crtn.o
                0x0000000020005000                _estack = (ORIGIN (RAM) + LENGTH (RAM))
                0x0000000000000200                _Min_Heap_Size = 0x200
                0x0000000000000400                _Min_Stack_Size = 0x400

.isr_vector     0x0000000008000000      0x10c
                0x0000000008000000                . = ALIGN (0x4)
 *(.isr_vector)
 .isr_vector    0x0000000008000000      0x10c ./Core/Startup/startup_stm32f103rbtx.o
                0x0000000008000000                g_pfnVectors
                0x000000000800010c                . = ALIGN (0x4)

.text           0x000000000800010c     0x3b78
                0x000000000800010c                . = ALIGN (0x4)
 *(.text)
 .text          0x000000000800010c       0x40 c:/st/stm32cubeide_1.7.0/stm32cubeide/plugins/com.st.stm32cube.ide.mcu.externaltools.gnu-tools-for-stm32.9-2020-q2-update.win32_2.0.0.202105311346/tools/bin/../lib/gcc/arm-none-eabi/9.3.1/thumb/v7-m/nofp/crtbegin.o
 *(.text*)
 .text.isButtonPressed
                0x000000000800014c       0x34 ./Core/Src/button.o
                0x000000000800014c                isButtonPressed
 .text.subKeyProcess
                0x0000000008000180       0x20 ./Core/Src/button.o
                0x0000000008000180                subKeyProcess
 .text.getKeyInput
                0x00000000080001a0      0x114 ./Core/Src/button.o
                0x00000000080001a0                getKeyInput
 .text.fsm_manual_run
                0x00000000080002b4      0x264 ./Core/Src/fsm_manual.o
                0x00000000080002b4                fsm_manual_run
 .text.fsm_traffic_light
                0x0000000008000518      0x278 ./Core/Src/fsm_traffic_light.o
                0x0000000008000518                fsm_traffic_light
 .text.main     0x0000000008000790       0x58 ./Core/Src/main.o
                0x0000000008000790                main
 .text.SystemClock_Config
                0x00000000080007e8       0x76 ./Core/Src/main.o
                0x00000000080007e8                SystemClock_Config
 *fill*         0x000000000800085e        0x2 
 .text.MX_TIM2_Init
                0x0000000008000860       0x98 ./Core/Src/main.o
 .text.MX_TIM3_Init
                0x00000000080008f8       0xb4 ./Core/Src/main.o
 .text.MX_USART2_UART_Init
                0x00000000080009ac       0x54 ./Core/Src/main.o
 .text.MX_GPIO_Init
                0x0000000008000a00       0xf4 ./Core/Src/main.o
 .text.HAL_TIM_PeriodElapsedCallback
                0x0000000008000af4       0x1c ./Core/Src/main.o
                0x0000000008000af4                HAL_TIM_PeriodElapsedCallback
 .text.Error_Handler
                0x0000000008000b10        0xa ./Core/Src/main.o
                0x0000000008000b10                Error_Handler
 *fill*         0x0000000008000b1a        0x2 
 .text.onGREEN1
                0x0000000008000b1c       0x28 ./Core/Src/physical.o
                0x0000000008000b1c                onGREEN1
 .text.onYELLOW1
                0x0000000008000b44       0x28 ./Core/Src/physical.o
                0x0000000008000b44                onYELLOW1
 .text.onRED1   0x0000000008000b6c       0x28 ./Core/Src/physical.o
                0x0000000008000b6c                onRED1
 .text.onGREEN2
                0x0000000008000b94       0x20 ./Core/Src/physical.o
                0x0000000008000b94                onGREEN2
 .text.onYELLOW2
                0x0000000008000bb4       0x20 ./Core/Src/physical.o
                0x0000000008000bb4                onYELLOW2
 .text.onRED2   0x0000000008000bd4       0x20 ./Core/Src/physical.o
                0x0000000008000bd4                onRED2
 .text.offALL   0x0000000008000bf4       0x3c ./Core/Src/physical.o
                0x0000000008000bf4                offALL
 .text.SCH_Init
                0x0000000008000c30       0xac ./Core/Src/scheduler.o
                0x0000000008000c30                SCH_Init
 .text.SCH_Add_Task
                0x0000000008000cdc       0xe4 ./Core/Src/scheduler.o
                0x0000000008000cdc                SCH_Add_Task
 .text.SCH_Update
                0x0000000008000dc0       0xc0 ./Core/Src/scheduler.o
                0x0000000008000dc0                SCH_Update
 .text.SCH_Dispatch_Tasks
                0x0000000008000e80       0xa0 ./Core/Src/scheduler.o
                0x0000000008000e80                SCH_Dispatch_Tasks
 .text.SCH_Delete
                0x0000000008000f20       0xf0 ./Core/Src/scheduler.o
                0x0000000008000f20                SCH_Delete
 .text.setTimer1
                0x0000000008001010       0x28 ./Core/Src/software_timer.o
                0x0000000008001010                setTimer1
 .text.setTimer2
                0x0000000008001038       0x28 ./Core/Src/software_timer.o
                0x0000000008001038                setTimer2
 .text.setTimer5
                0x0000000008001060       0x28 ./Core/Src/software_timer.o
                0x0000000008001060                setTimer5
 .text.timerRun
                0x0000000008001088      0x124 ./Core/Src/software_timer.o
                0x0000000008001088                timerRun
 .text.HAL_MspInit
                0x00000000080011ac       0x64 ./Core/Src/stm32f1xx_hal_msp.o
                0x00000000080011ac                HAL_MspInit
 .text.HAL_TIM_Base_MspInit
                0x0000000008001210       0x48 ./Core/Src/stm32f1xx_hal_msp.o
                0x0000000008001210                HAL_TIM_Base_MspInit
 .text.HAL_TIM_PWM_MspInit
                0x0000000008001258       0x4c ./Core/Src/stm32f1xx_hal_msp.o
                0x0000000008001258                HAL_TIM_PWM_MspInit
 .text.HAL_TIM_MspPostInit
                0x00000000080012a4       0x8c ./Core/Src/stm32f1xx_hal_msp.o
                0x00000000080012a4                HAL_TIM_MspPostInit
 .text.HAL_UART_MspInit
                0x0000000008001330       0xa4 ./Core/Src/stm32f1xx_hal_msp.o
                0x0000000008001330                HAL_UART_MspInit
 .text.NMI_Handler
                0x00000000080013d4        0x6 ./Core/Src/stm32f1xx_it.o
                0x00000000080013d4                NMI_Handler
 .text.HardFault_Handler
                0x00000000080013da        0x6 ./Core/Src/stm32f1xx_it.o
                0x00000000080013da                HardFault_Handler
 .text.MemManage_Handler
                0x00000000080013e0        0x6 ./Core/Src/stm32f1xx_it.o
                0x00000000080013e0                MemManage_Handler
 .text.BusFault_Handler
                0x00000000080013e6        0x6 ./Core/Src/stm32f1xx_it.o
                0x00000000080013e6                BusFault_Handler
 .text.UsageFault_Handler
                0x00000000080013ec        0x6 ./Core/Src/stm32f1xx_it.o
                0x00000000080013ec                UsageFault_Handler
 .text.SVC_Handler
                0x00000000080013f2        0xc ./Core/Src/stm32f1xx_it.o
                0x00000000080013f2                SVC_Handler
 .text.DebugMon_Handler
                0x00000000080013fe        0xc ./Core/Src/stm32f1xx_it.o
                0x00000000080013fe                DebugMon_Handler
 .text.PendSV_Handler
                0x000000000800140a        0xc ./Core/Src/stm32f1xx_it.o
                0x000000000800140a                PendSV_Handler
 .text.SysTick_Handler
                0x0000000008001416        0xc ./Core/Src/stm32f1xx_it.o
                0x0000000008001416                SysTick_Handler
 *fill*         0x0000000008001422        0x2 
 .text.TIM2_IRQHandler
                0x0000000008001424       0x14 ./Core/Src/stm32f1xx_it.o
                0x0000000008001424                TIM2_IRQHandler
 .text.TIM3_IRQHandler
                0x0000000008001438       0x14 ./Core/Src/stm32f1xx_it.o
                0x0000000008001438                TIM3_IRQHandler
 .text.USART2_IRQHandler
                0x000000000800144c       0x14 ./Core/Src/stm32f1xx_it.o
                0x000000000800144c                USART2_IRQHandler
 .text.SystemInit
                0x0000000008001460        0xc ./Core/Src/system_stm32f1xx.o
                0x0000000008001460                SystemInit
 .text.Reset_Handler
                0x000000000800146c       0x48 ./Core/Startup/startup_stm32f103rbtx.o
                0x000000000800146c                Reset_Handler
 .text.Default_Handler
                0x00000000080014b4        0x2 ./Core/Startup/startup_stm32f103rbtx.o
                0x00000000080014b4                RTC_Alarm_IRQHandler
                0x00000000080014b4                EXTI2_IRQHandler
                0x00000000080014b4                TIM1_CC_IRQHandler
                0x00000000080014b4                PVD_IRQHandler
                0x00000000080014b4                EXTI3_IRQHandler
                0x00000000080014b4                EXTI0_IRQHandler
                0x00000000080014b4                I2C2_EV_IRQHandler
                0x00000000080014b4                ADC1_2_IRQHandler
                0x00000000080014b4                SPI1_IRQHandler
                0x00000000080014b4                TAMPER_IRQHandler
                0x00000000080014b4                DMA1_Channel4_IRQHandler
                0x00000000080014b4                USART3_IRQHandler
                0x00000000080014b4                RTC_IRQHandler
                0x00000000080014b4                DMA1_Channel7_IRQHandler
                0x00000000080014b4                CAN1_RX1_IRQHandler
                0x00000000080014b4                TIM4_IRQHandler
                0x00000000080014b4                I2C1_EV_IRQHandler
                0x00000000080014b4                DMA1_Channel6_IRQHandler
                0x00000000080014b4                RCC_IRQHandler
                0x00000000080014b4                TIM1_TRG_COM_IRQHandler
                0x00000000080014b4                DMA1_Channel1_IRQHandler
                0x00000000080014b4                Default_Handler
                0x00000000080014b4                EXTI15_10_IRQHandler
                0x00000000080014b4                EXTI9_5_IRQHandler
                0x00000000080014b4                SPI2_IRQHandler
                0x00000000080014b4                DMA1_Channel5_IRQHandler
                0x00000000080014b4                EXTI4_IRQHandler
                0x00000000080014b4                USB_LP_CAN1_RX0_IRQHandler
                0x00000000080014b4                USB_HP_CAN1_TX_IRQHandler
                0x00000000080014b4                DMA1_Channel3_IRQHandler
                0x00000000080014b4                TIM1_UP_IRQHandler
                0x00000000080014b4                WWDG_IRQHandler
                0x00000000080014b4                TIM1_BRK_IRQHandler
                0x00000000080014b4                EXTI1_IRQHandler
                0x00000000080014b4                I2C2_ER_IRQHandler
                0x00000000080014b4                DMA1_Channel2_IRQHandler
                0x00000000080014b4                CAN1_SCE_IRQHandler
                0x00000000080014b4                FLASH_IRQHandler
                0x00000000080014b4                USART1_IRQHandler
                0x00000000080014b4                I2C1_ER_IRQHandler
                0x00000000080014b4                USBWakeUp_IRQHandler
 *fill*         0x00000000080014b6        0x2 
 .text.HAL_Init
                0x00000000080014b8       0x2c ./Drivers/STM32F1xx_HAL_Driver/Src/stm32f1xx_hal.o
                0x00000000080014b8                HAL_Init
 .text.HAL_InitTick
                0x00000000080014e4       0x60 ./Drivers/STM32F1xx_HAL_Driver/Src/stm32f1xx_hal.o
                0x00000000080014e4                HAL_InitTick
 .text.HAL_IncTick
                0x0000000008001544       0x24 ./Drivers/STM32F1xx_HAL_Driver/Src/stm32f1xx_hal.o
                0x0000000008001544                HAL_IncTick
 .text.HAL_GetTick
                0x0000000008001568       0x14 ./Drivers/STM32F1xx_HAL_Driver/Src/stm32f1xx_hal.o
                0x0000000008001568                HAL_GetTick
 .text.__NVIC_SetPriorityGrouping
                0x000000000800157c       0x48 ./Drivers/STM32F1xx_HAL_Driver/Src/stm32f1xx_hal_cortex.o
 .text.__NVIC_GetPriorityGrouping
                0x00000000080015c4       0x1c ./Drivers/STM32F1xx_HAL_Driver/Src/stm32f1xx_hal_cortex.o
 .text.__NVIC_EnableIRQ
                0x00000000080015e0       0x38 ./Drivers/STM32F1xx_HAL_Driver/Src/stm32f1xx_hal_cortex.o
 .text.__NVIC_SetPriority
                0x0000000008001618       0x54 ./Drivers/STM32F1xx_HAL_Driver/Src/stm32f1xx_hal_cortex.o
 .text.NVIC_EncodePriority
                0x000000000800166c       0x64 ./Drivers/STM32F1xx_HAL_Driver/Src/stm32f1xx_hal_cortex.o
 .text.SysTick_Config
                0x00000000080016d0       0x44 ./Drivers/STM32F1xx_HAL_Driver/Src/stm32f1xx_hal_cortex.o
 .text.HAL_NVIC_SetPriorityGrouping
                0x0000000008001714       0x16 ./Drivers/STM32F1xx_HAL_Driver/Src/stm32f1xx_hal_cortex.o
                0x0000000008001714                HAL_NVIC_SetPriorityGrouping
 .text.HAL_NVIC_SetPriority
                0x000000000800172a       0x38 ./Drivers/STM32F1xx_HAL_Driver/Src/stm32f1xx_hal_cortex.o
                0x000000000800172a                HAL_NVIC_SetPriority
 .text.HAL_NVIC_EnableIRQ
                0x0000000008001762       0x1c ./Drivers/STM32F1xx_HAL_Driver/Src/stm32f1xx_hal_cortex.o
                0x0000000008001762                HAL_NVIC_EnableIRQ
 .text.HAL_SYSTICK_Config
                0x000000000800177e       0x18 ./Drivers/STM32F1xx_HAL_Driver/Src/stm32f1xx_hal_cortex.o
                0x000000000800177e                HAL_SYSTICK_Config
 .text.HAL_DMA_Abort
                0x0000000008001796       0x76 ./Drivers/STM32F1xx_HAL_Driver/Src/stm32f1xx_hal_dma.o
                0x0000000008001796                HAL_DMA_Abort
 .text.HAL_DMA_Abort_IT
                0x000000000800180c       0xf0 ./Drivers/STM32F1xx_HAL_Driver/Src/stm32f1xx_hal_dma.o
                0x000000000800180c                HAL_DMA_Abort_IT
 .text.HAL_GPIO_Init
                0x00000000080018fc      0x308 ./Drivers/STM32F1xx_HAL_Driver/Src/stm32f1xx_hal_gpio.o
                0x00000000080018fc                HAL_GPIO_Init
 .text.HAL_GPIO_ReadPin
                0x0000000008001c04       0x2e ./Drivers/STM32F1xx_HAL_Driver/Src/stm32f1xx_hal_gpio.o
                0x0000000008001c04                HAL_GPIO_ReadPin
 .text.HAL_GPIO_WritePin
                0x0000000008001c32       0x30 ./Drivers/STM32F1xx_HAL_Driver/Src/stm32f1xx_hal_gpio.o
                0x0000000008001c32                HAL_GPIO_WritePin
 *fill*         0x0000000008001c62        0x2 
 .text.HAL_RCC_OscConfig
                0x0000000008001c64      0x500 ./Drivers/STM32F1xx_HAL_Driver/Src/stm32f1xx_hal_rcc.o
                0x0000000008001c64                HAL_RCC_OscConfig
 .text.HAL_RCC_ClockConfig
                0x0000000008002164      0x1d4 ./Drivers/STM32F1xx_HAL_Driver/Src/stm32f1xx_hal_rcc.o
                0x0000000008002164                HAL_RCC_ClockConfig
 .text.HAL_RCC_GetSysClockFreq
                0x0000000008002338       0xa8 ./Drivers/STM32F1xx_HAL_Driver/Src/stm32f1xx_hal_rcc.o
                0x0000000008002338                HAL_RCC_GetSysClockFreq
 .text.HAL_RCC_GetHCLKFreq
                0x00000000080023e0       0x14 ./Drivers/STM32F1xx_HAL_Driver/Src/stm32f1xx_hal_rcc.o
                0x00000000080023e0                HAL_RCC_GetHCLKFreq
 .text.HAL_RCC_GetPCLK1Freq
                0x00000000080023f4       0x28 ./Drivers/STM32F1xx_HAL_Driver/Src/stm32f1xx_hal_rcc.o
                0x00000000080023f4                HAL_RCC_GetPCLK1Freq
 .text.HAL_RCC_GetPCLK2Freq
                0x000000000800241c       0x28 ./Drivers/STM32F1xx_HAL_Driver/Src/stm32f1xx_hal_rcc.o
                0x000000000800241c                HAL_RCC_GetPCLK2Freq
 .text.RCC_Delay
                0x0000000008002444       0x3c ./Drivers/STM32F1xx_HAL_Driver/Src/stm32f1xx_hal_rcc.o
 .text.HAL_TIM_Base_Init
                0x0000000008002480       0x9e ./Drivers/STM32F1xx_HAL_Driver/Src/stm32f1xx_hal_tim.o
                0x0000000008002480                HAL_TIM_Base_Init
 *fill*         0x000000000800251e        0x2 
 .text.HAL_TIM_Base_Start_IT
                0x0000000008002520       0xa4 ./Drivers/STM32F1xx_HAL_Driver/Src/stm32f1xx_hal_tim.o
                0x0000000008002520                HAL_TIM_Base_Start_IT
 .text.HAL_TIM_PWM_Init
                0x00000000080025c4       0x9e ./Drivers/STM32F1xx_HAL_Driver/Src/stm32f1xx_hal_tim.o
                0x00000000080025c4                HAL_TIM_PWM_Init
 .text.HAL_TIM_IRQHandler
                0x0000000008002662      0x210 ./Drivers/STM32F1xx_HAL_Driver/Src/stm32f1xx_hal_tim.o
                0x0000000008002662                HAL_TIM_IRQHandler
 *fill*         0x0000000008002872        0x2 
 .text.HAL_TIM_PWM_ConfigChannel
                0x0000000008002874      0x184 ./Drivers/STM32F1xx_HAL_Driver/Src/stm32f1xx_hal_tim.o
                0x0000000008002874                HAL_TIM_PWM_ConfigChannel
 .text.HAL_TIM_ConfigClockSource
                0x00000000080029f8      0x18e ./Drivers/STM32F1xx_HAL_Driver/Src/stm32f1xx_hal_tim.o
                0x00000000080029f8                HAL_TIM_ConfigClockSource
 .text.HAL_TIM_OC_DelayElapsedCallback
                0x0000000008002b86       0x12 ./Drivers/STM32F1xx_HAL_Driver/Src/stm32f1xx_hal_tim.o
                0x0000000008002b86                HAL_TIM_OC_DelayElapsedCallback
 .text.HAL_TIM_IC_CaptureCallback
                0x0000000008002b98       0x12 ./Drivers/STM32F1xx_HAL_Driver/Src/stm32f1xx_hal_tim.o
                0x0000000008002b98                HAL_TIM_IC_CaptureCallback
 .text.HAL_TIM_PWM_PulseFinishedCallback
                0x0000000008002baa       0x12 ./Drivers/STM32F1xx_HAL_Driver/Src/stm32f1xx_hal_tim.o
                0x0000000008002baa                HAL_TIM_PWM_PulseFinishedCallback
 .text.HAL_TIM_TriggerCallback
                0x0000000008002bbc       0x12 ./Drivers/STM32F1xx_HAL_Driver/Src/stm32f1xx_hal_tim.o
                0x0000000008002bbc                HAL_TIM_TriggerCallback
 *fill*         0x0000000008002bce        0x2 
 .text.TIM_Base_SetConfig
                0x0000000008002bd0       0xc4 ./Drivers/STM32F1xx_HAL_Driver/Src/stm32f1xx_hal_tim.o
                0x0000000008002bd0                TIM_Base_SetConfig
 .text.TIM_OC1_SetConfig
                0x0000000008002c94       0xcc ./Drivers/STM32F1xx_HAL_Driver/Src/stm32f1xx_hal_tim.o
 .text.TIM_OC2_SetConfig
                0x0000000008002d60       0xd4 ./Drivers/STM32F1xx_HAL_Driver/Src/stm32f1xx_hal_tim.o
                0x0000000008002d60                TIM_OC2_SetConfig
 .text.TIM_OC3_SetConfig
                0x0000000008002e34       0xd4 ./Drivers/STM32F1xx_HAL_Driver/Src/stm32f1xx_hal_tim.o
 .text.TIM_OC4_SetConfig
                0x0000000008002f08       0x9c ./Drivers/STM32F1xx_HAL_Driver/Src/stm32f1xx_hal_tim.o
 .text.TIM_TI1_ConfigInputStage
                0x0000000008002fa4       0x5c ./Drivers/STM32F1xx_HAL_Driver/Src/stm32f1xx_hal_tim.o
 .text.TIM_TI2_ConfigInputStage
                0x0000000008003000       0x5e ./Drivers/STM32F1xx_HAL_Driver/Src/stm32f1xx_hal_tim.o
 .text.TIM_ITRx_SetConfig
                0x000000000800305e       0x34 ./Drivers/STM32F1xx_HAL_Driver/Src/stm32f1xx_hal_tim.o
 .text.TIM_ETR_SetConfig
                0x0000000008003092       0x3e ./Drivers/STM32F1xx_HAL_Driver/Src/stm32f1xx_hal_tim.o
                0x0000000008003092                TIM_ETR_SetConfig
 .text.HAL_TIMEx_MasterConfigSynchronization
                0x00000000080030d0       0xbc ./Drivers/STM32F1xx_HAL_Driver/Src/stm32f1xx_hal_tim_ex.o
                0x00000000080030d0                HAL_TIMEx_MasterConfigSynchronization
 .text.HAL_TIMEx_CommutCallback
                0x000000000800318c       0x12 ./Drivers/STM32F1xx_HAL_Driver/Src/stm32f1xx_hal_tim_ex.o
                0x000000000800318c                HAL_TIMEx_CommutCallback
 .text.HAL_TIMEx_BreakCallback
                0x000000000800319e       0x12 ./Drivers/STM32F1xx_HAL_Driver/Src/stm32f1xx_hal_tim_ex.o
                0x000000000800319e                HAL_TIMEx_BreakCallback
 .text.HAL_UART_Init
                0x00000000080031b0       0xa0 ./Drivers/STM32F1xx_HAL_Driver/Src/stm32f1xx_hal_uart.o
                0x00000000080031b0                HAL_UART_Init
 .text.HAL_UART_IRQHandler
                0x0000000008003250      0x524 ./Drivers/STM32F1xx_HAL_Driver/Src/stm32f1xx_hal_uart.o
                0x0000000008003250                HAL_UART_IRQHandler
 .text.HAL_UART_TxCpltCallback
                0x0000000008003774       0x12 ./Drivers/STM32F1xx_HAL_Driver/Src/stm32f1xx_hal_uart.o
                0x0000000008003774                HAL_UART_TxCpltCallback
 .text.HAL_UART_RxCpltCallback
                0x0000000008003786       0x12 ./Drivers/STM32F1xx_HAL_Driver/Src/stm32f1xx_hal_uart.o
                0x0000000008003786                HAL_UART_RxCpltCallback
 .text.HAL_UART_ErrorCallback
                0x0000000008003798       0x12 ./Drivers/STM32F1xx_HAL_Driver/Src/stm32f1xx_hal_uart.o
                0x0000000008003798                HAL_UART_ErrorCallback
 .text.HAL_UARTEx_RxEventCallback
                0x00000000080037aa       0x16 ./Drivers/STM32F1xx_HAL_Driver/Src/stm32f1xx_hal_uart.o
                0x00000000080037aa                HAL_UARTEx_RxEventCallback
 .text.UART_EndRxTransfer
                0x00000000080037c0       0xc4 ./Drivers/STM32F1xx_HAL_Driver/Src/stm32f1xx_hal_uart.o
 .text.UART_DMAAbortOnError
                0x0000000008003884       0x28 ./Drivers/STM32F1xx_HAL_Driver/Src/stm32f1xx_hal_uart.o
 .text.UART_Transmit_IT
                0x00000000080038ac       0x9e ./Drivers/STM32F1xx_HAL_Driver/Src/stm32f1xx_hal_uart.o
 .text.UART_EndTransmit_IT
                0x000000000800394a       0x30 ./Drivers/STM32F1xx_HAL_Driver/Src/stm32f1xx_hal_uart.o
 .text.UART_Receive_IT
                0x000000000800397a      0x17c ./Drivers/STM32F1xx_HAL_Driver/Src/stm32f1xx_hal_uart.o
 *fill*         0x0000000008003af6        0x2 
 .text.UART_SetConfig
                0x0000000008003af8      0x11c ./Drivers/STM32F1xx_HAL_Driver/Src/stm32f1xx_hal_uart.o
 .text.__libc_init_array
                0x0000000008003c14       0x48 c:/st/stm32cubeide_1.7.0/stm32cubeide/plugins/com.st.stm32cube.ide.mcu.externaltools.gnu-tools-for-stm32.9-2020-q2-update.win32_2.0.0.202105311346/tools/bin/../lib/gcc/arm-none-eabi/9.3.1/../../../../arm-none-eabi/lib/thumb/v7-m/nofp\libc_nano.a(lib_a-init.o)
                0x0000000008003c14                __libc_init_array
 .text.memset   0x0000000008003c5c       0x10 c:/st/stm32cubeide_1.7.0/stm32cubeide/plugins/com.st.stm32cube.ide.mcu.externaltools.gnu-tools-for-stm32.9-2020-q2-update.win32_2.0.0.202105311346/tools/bin/../lib/gcc/arm-none-eabi/9.3.1/../../../../arm-none-eabi/lib/thumb/v7-m/nofp\libc_nano.a(lib_a-memset.o)
                0x0000000008003c5c                memset
 *(.glue_7)
 .glue_7        0x0000000008003c6c        0x0 linker stubs
 *(.glue_7t)
 .glue_7t       0x0000000008003c6c        0x0 linker stubs
 *(.eh_frame)
 .eh_frame      0x0000000008003c6c        0x0 c:/st/stm32cubeide_1.7.0/stm32cubeide/plugins/com.st.stm32cube.ide.mcu.externaltools.gnu-tools-for-stm32.9-2020-q2-update.win32_2.0.0.202105311346/tools/bin/../lib/gcc/arm-none-eabi/9.3.1/thumb/v7-m/nofp/crtbegin.o
 *(.init)
 .init          0x0000000008003c6c        0x4 c:/st/stm32cubeide_1.7.0/stm32cubeide/plugins/com.st.stm32cube.ide.mcu.externaltools.gnu-tools-for-stm32.9-2020-q2-update.win32_2.0.0.202105311346/tools/bin/../lib/gcc/arm-none-eabi/9.3.1/thumb/v7-m/nofp/crti.o
                0x0000000008003c6c                _init
 .init          0x0000000008003c70        0x8 c:/st/stm32cubeide_1.7.0/stm32cubeide/plugins/com.st.stm32cube.ide.mcu.externaltools.gnu-tools-for-stm32.9-2020-q2-update.win32_2.0.0.202105311346/tools/bin/../lib/gcc/arm-none-eabi/9.3.1/thumb/v7-m/nofp/crtn.o
 *(.fini)
 .fini          0x0000000008003c78        0x4 c:/st/stm32cubeide_1.7.0/stm32cubeide/plugins/com.st.stm32cube.ide.mcu.externaltools.gnu-tools-for-stm32.9-2020-q2-update.win32_2.0.0.202105311346/tools/bin/../lib/gcc/arm-none-eabi/9.3.1/thumb/v7-m/nofp/crti.o
                0x0000000008003c78                _fini
 .fini          0x0000000008003c7c        0x8 c:/st/stm32cubeide_1.7.0/stm32cubeide/plugins/com.st.stm32cube.ide.mcu.externaltools.gnu-tools-for-stm32.9-2020-q2-update.win32_2.0.0.202105311346/tools/bin/../lib/gcc/arm-none-eabi/9.3.1/thumb/v7-m/nofp/crtn.o
                0x0000000008003c84                . = ALIGN (0x4)
                0x0000000008003c84                _etext = .

.vfp11_veneer   0x0000000008003c84        0x0
 .vfp11_veneer  0x0000000008003c84        0x0 linker stubs

.v4_bx          0x0000000008003c84        0x0
 .v4_bx         0x0000000008003c84        0x0 linker stubs

.iplt           0x0000000008003c84        0x0
 .iplt          0x0000000008003c84        0x0 c:/st/stm32cubeide_1.7.0/stm32cubeide/plugins/com.st.stm32cube.ide.mcu.externaltools.gnu-tools-for-stm32.9-2020-q2-update.win32_2.0.0.202105311346/tools/bin/../lib/gcc/arm-none-eabi/9.3.1/thumb/v7-m/nofp/crtbegin.o

.rodata         0x0000000008003c84       0x2c
                0x0000000008003c84                . = ALIGN (0x4)
 *(.rodata)
 *(.rodata*)
 .rodata.AHBPrescTable
                0x0000000008003c84       0x10 ./Core/Src/system_stm32f1xx.o
                0x0000000008003c84                AHBPrescTable
 .rodata.APBPrescTable
                0x0000000008003c94        0x8 ./Core/Src/system_stm32f1xx.o
                0x0000000008003c94                APBPrescTable
 .rodata.aPLLMULFactorTable.6196
                0x0000000008003c9c       0x10 ./Drivers/STM32F1xx_HAL_Driver/Src/stm32f1xx_hal_rcc.o
 .rodata.aPredivFactorTable.6197
                0x0000000008003cac        0x2 ./Drivers/STM32F1xx_HAL_Driver/Src/stm32f1xx_hal_rcc.o
                0x0000000008003cb0                . = ALIGN (0x4)
 *fill*         0x0000000008003cae        0x2 

.rel.dyn        0x0000000008003cb0        0x0
 .rel.iplt      0x0000000008003cb0        0x0 c:/st/stm32cubeide_1.7.0/stm32cubeide/plugins/com.st.stm32cube.ide.mcu.externaltools.gnu-tools-for-stm32.9-2020-q2-update.win32_2.0.0.202105311346/tools/bin/../lib/gcc/arm-none-eabi/9.3.1/thumb/v7-m/nofp/crtbegin.o

.ARM.extab      0x0000000008003cb0        0x0
                0x0000000008003cb0                . = ALIGN (0x4)
 *(.ARM.extab* .gnu.linkonce.armextab.*)
                0x0000000008003cb0                . = ALIGN (0x4)

.ARM            0x0000000008003cb0        0x0
                0x0000000008003cb0                . = ALIGN (0x4)
                0x0000000008003cb0                __exidx_start = .
 *(.ARM.exidx*)
                0x0000000008003cb0                __exidx_end = .
                0x0000000008003cb0                . = ALIGN (0x4)

.preinit_array  0x0000000008003cb0        0x0
                0x0000000008003cb0                . = ALIGN (0x4)
                0x0000000008003cb0                PROVIDE (__preinit_array_start = .)
 *(.preinit_array*)
                0x0000000008003cb0                PROVIDE (__preinit_array_end = .)
                0x0000000008003cb0                . = ALIGN (0x4)

.init_array     0x0000000008003cb0        0x4
                0x0000000008003cb0                . = ALIGN (0x4)
                0x0000000008003cb0                PROVIDE (__init_array_start = .)
 *(SORT_BY_NAME(.init_array.*))
 *(.init_array*)
 .init_array    0x0000000008003cb0        0x4 c:/st/stm32cubeide_1.7.0/stm32cubeide/plugins/com.st.stm32cube.ide.mcu.externaltools.gnu-tools-for-stm32.9-2020-q2-update.win32_2.0.0.202105311346/tools/bin/../lib/gcc/arm-none-eabi/9.3.1/thumb/v7-m/nofp/crtbegin.o
                0x0000000008003cb4                PROVIDE (__init_array_end = .)
                0x0000000008003cb4                . = ALIGN (0x4)

.fini_array     0x0000000008003cb4        0x4
                0x0000000008003cb4                . = ALIGN (0x4)
                [!provide]                        PROVIDE (__fini_array_start = .)
 *(SORT_BY_NAME(.fini_array.*))
 *(.fini_array*)
 .fini_array    0x0000000008003cb4        0x4 c:/st/stm32cubeide_1.7.0/stm32cubeide/plugins/com.st.stm32cube.ide.mcu.externaltools.gnu-tools-for-stm32.9-2020-q2-update.win32_2.0.0.202105311346/tools/bin/../lib/gcc/arm-none-eabi/9.3.1/thumb/v7-m/nofp/crtbegin.o
                [!provide]                        PROVIDE (__fini_array_end = .)
                0x0000000008003cb8                . = ALIGN (0x4)
                0x0000000008003cb8                _sidata = LOADADDR (.data)

.data           0x0000000020000000       0x64 load address 0x0000000008003cb8
                0x0000000020000000                . = ALIGN (0x4)
                0x0000000020000000                _sdata = .
 *(.data)
 *(.data*)
 .data.pin_mode
                0x0000000020000000        0x8 ./Core/Src/button.o
                0x0000000020000000                pin_mode
 .data.port_mode
                0x0000000020000008        0x8 ./Core/Src/button.o
                0x0000000020000008                port_mode
 .data.KeyReg0  0x0000000020000010        0xc ./Core/Src/button.o
                0x0000000020000010                KeyReg0
 .data.KeyReg1  0x000000002000001c        0xc ./Core/Src/button.o
                0x000000002000001c                KeyReg1
 .data.KeyReg2  0x0000000020000028        0xc ./Core/Src/button.o
                0x0000000020000028                KeyReg2
 .data.KeyReg3  0x0000000020000034        0xc ./Core/Src/button.o
                0x0000000020000034                KeyReg3
 .data.TimeOutForKeyPress
                0x0000000020000040        0xc ./Core/Src/button.o
                0x0000000020000040                TimeOutForKeyPress
 .data.r_val    0x000000002000004c        0x4 ./Core/Src/global.o
                0x000000002000004c                r_val
 .data.y_val    0x0000000020000050        0x4 ./Core/Src/global.o
                0x0000000020000050                y_val
 .data.g_val    0x0000000020000054        0x4 ./Core/Src/global.o
                0x0000000020000054                g_val
 .data.SystemCoreClock
                0x0000000020000058        0x4 ./Core/Src/system_stm32f1xx.o
                0x0000000020000058                SystemCoreClock
 .data.uwTickPrio
                0x000000002000005c        0x4 ./Drivers/STM32F1xx_HAL_Driver/Src/stm32f1xx_hal.o
                0x000000002000005c                uwTickPrio
 .data.uwTickFreq
                0x0000000020000060        0x1 ./Drivers/STM32F1xx_HAL_Driver/Src/stm32f1xx_hal.o
                0x0000000020000060                uwTickFreq
 *(.RamFunc)
 *(.RamFunc*)
                0x0000000020000064                . = ALIGN (0x4)
 *fill*         0x0000000020000061        0x3 
                0x0000000020000064                _edata = .

.igot.plt       0x0000000020000064        0x0 load address 0x0000000008003d1c
 .igot.plt      0x0000000020000064        0x0 c:/st/stm32cubeide_1.7.0/stm32cubeide/plugins/com.st.stm32cube.ide.mcu.externaltools.gnu-tools-for-stm32.9-2020-q2-update.win32_2.0.0.202105311346/tools/bin/../lib/gcc/arm-none-eabi/9.3.1/thumb/v7-m/nofp/crtbegin.o
                0x0000000020000064                . = ALIGN (0x4)

.bss            0x0000000020000064      0x47c load address 0x0000000008003d1c
                0x0000000020000064                _sbss = .
                0x0000000020000064                __bss_start__ = _sbss
 *(.bss)
 .bss           0x0000000020000064       0x1c c:/st/stm32cubeide_1.7.0/stm32cubeide/plugins/com.st.stm32cube.ide.mcu.externaltools.gnu-tools-for-stm32.9-2020-q2-update.win32_2.0.0.202105311346/tools/bin/../lib/gcc/arm-none-eabi/9.3.1/thumb/v7-m/nofp/crtbegin.o
 *(.bss*)
 .bss.button_flag
                0x0000000020000080        0xc ./Core/Src/button.o
                0x0000000020000080                button_flag
 .bss.led_status
                0x000000002000008c        0x4 ./Core/Src/global.o
                0x000000002000008c                led_status
 .bss.timerRoad1
                0x0000000020000090        0x4 ./Core/Src/global.o
                0x0000000020000090                timerRoad1
 .bss.timerRoad2
                0x0000000020000094        0x4 ./Core/Src/global.o
                0x0000000020000094                timerRoad2
 .bss.r_inc     0x0000000020000098        0x4 ./Core/Src/global.o
                0x0000000020000098                r_inc
 .bss.g_inc     0x000000002000009c        0x4 ./Core/Src/global.o
                0x000000002000009c                g_inc
 .bss.y_inc     0x00000000200000a0        0x4 ./Core/Src/global.o
                0x00000000200000a0                y_inc
 .bss.toogleFlag
                0x00000000200000a4        0x4 ./Core/Src/global.o
                0x00000000200000a4                toogleFlag
 .bss.current_index_task
                0x00000000200000a8        0x1 ./Core/Src/scheduler.o
                0x00000000200000a8                current_index_task
 *fill*         0x00000000200000a9        0x3 
 .bss.timer1_counter
                0x00000000200000ac        0x4 ./Core/Src/software_timer.o
                0x00000000200000ac                timer1_counter
 .bss.timer1_flag
                0x00000000200000b0        0x4 ./Core/Src/software_timer.o
                0x00000000200000b0                timer1_flag
 .bss.timer2_counter
                0x00000000200000b4        0x4 ./Core/Src/software_timer.o
                0x00000000200000b4                timer2_counter
 .bss.timer2_flag
                0x00000000200000b8        0x4 ./Core/Src/software_timer.o
                0x00000000200000b8                timer2_flag
 .bss.timer3_counter
                0x00000000200000bc        0x4 ./Core/Src/software_timer.o
                0x00000000200000bc                timer3_counter
 .bss.timer3_flag
                0x00000000200000c0        0x4 ./Core/Src/software_timer.o
                0x00000000200000c0                timer3_flag
 .bss.timer4_counter
                0x00000000200000c4        0x4 ./Core/Src/software_timer.o
                0x00000000200000c4                timer4_counter
 .bss.timer4_flag
                0x00000000200000c8        0x4 ./Core/Src/software_timer.o
                0x00000000200000c8                timer4_flag
 .bss.timer5_counter
                0x00000000200000cc        0x4 ./Core/Src/software_timer.o
                0x00000000200000cc                timer5_counter
 .bss.timer5_flag
                0x00000000200000d0        0x4 ./Core/Src/software_timer.o
                0x00000000200000d0                timer5_flag
 .bss.timer6_counter
                0x00000000200000d4        0x4 ./Core/Src/software_timer.o
                0x00000000200000d4                timer6_counter
 .bss.timer6_flag
                0x00000000200000d8        0x4 ./Core/Src/software_timer.o
                0x00000000200000d8                timer6_flag
 .bss.timer7_counter
                0x00000000200000dc        0x4 ./Core/Src/software_timer.o
                0x00000000200000dc                timer7_counter
 .bss.timer7_flag
                0x00000000200000e0        0x4 ./Core/Src/software_timer.o
                0x00000000200000e0                timer7_flag
 *(COMMON)
 COMMON         0x00000000200000e4       0xd8 ./Core/Src/main.o
                0x00000000200000e4                htim3
                0x000000002000012c                htim2
                0x0000000020000174                huart2
 COMMON         0x00000000200001bc      0x320 ./Core/Src/scheduler.o
                0x00000000200001bc                SCH_tasks_G
 COMMON         0x00000000200004dc        0x4 ./Drivers/STM32F1xx_HAL_Driver/Src/stm32f1xx_hal.o
                0x00000000200004dc                uwTick
                0x00000000200004e0                . = ALIGN (0x4)
                0x00000000200004e0                _ebss = .
                0x00000000200004e0                __bss_end__ = _ebss

._user_heap_stack
                0x00000000200004e0      0x600 load address 0x0000000008003d1c
                0x00000000200004e0                . = ALIGN (0x8)
                [!provide]                        PROVIDE (end = .)
                0x00000000200004e0                PROVIDE (_end = .)
                0x00000000200006e0                . = (. + _Min_Heap_Size)
 *fill*         0x00000000200004e0      0x200 
                0x0000000020000ae0                . = (. + _Min_Stack_Size)
 *fill*         0x00000000200006e0      0x400 
                0x0000000020000ae0                . = ALIGN (0x8)

/DISCARD/
 libc.a(*)
 libm.a(*)
 libgcc.a(*)

.ARM.attributes
                0x0000000000000000       0x29
 *(.ARM.attributes)
 .ARM.attributes
                0x0000000000000000       0x1d c:/st/stm32cubeide_1.7.0/stm32cubeide/plugins/com.st.stm32cube.ide.mcu.externaltools.gnu-tools-for-stm32.9-2020-q2-update.win32_2.0.0.202105311346/tools/bin/../lib/gcc/arm-none-eabi/9.3.1/thumb/v7-m/nofp/crti.o
 .ARM.attributes
                0x000000000000001d       0x2d c:/st/stm32cubeide_1.7.0/stm32cubeide/plugins/com.st.stm32cube.ide.mcu.externaltools.gnu-tools-for-stm32.9-2020-q2-update.win32_2.0.0.202105311346/tools/bin/../lib/gcc/arm-none-eabi/9.3.1/thumb/v7-m/nofp/crtbegin.o
 .ARM.attributes
                0x000000000000004a       0x2d ./Core/Src/button.o
 .ARM.attributes
                0x0000000000000077       0x2d ./Core/Src/fsm_manual.o
 .ARM.attributes
                0x00000000000000a4       0x2d ./Core/Src/fsm_traffic_light.o
 .ARM.attributes
                0x00000000000000d1       0x33 ./Core/Src/global.o
 .ARM.attributes
                0x0000000000000104       0x2d ./Core/Src/main.o
 .ARM.attributes
                0x0000000000000131       0x2d ./Core/Src/physical.o
 .ARM.attributes
                0x000000000000015e       0x2d ./Core/Src/scheduler.o
 .ARM.attributes
                0x000000000000018b       0x2d ./Core/Src/software_timer.o
 .ARM.attributes
                0x00000000000001b8       0x2d ./Core/Src/stm32f1xx_hal_msp.o
 .ARM.attributes
                0x00000000000001e5       0x2d ./Core/Src/stm32f1xx_it.o
 .ARM.attributes
                0x0000000000000212       0x2d ./Core/Src/system_stm32f1xx.o
 .ARM.attributes
                0x000000000000023f       0x21 ./Core/Startup/startup_stm32f103rbtx.o
 .ARM.attributes
                0x0000000000000260       0x2d ./Drivers/STM32F1xx_HAL_Driver/Src/stm32f1xx_hal.o
 .ARM.attributes
                0x000000000000028d       0x2d ./Drivers/STM32F1xx_HAL_Driver/Src/stm32f1xx_hal_cortex.o
 .ARM.attributes
                0x00000000000002ba       0x2d ./Drivers/STM32F1xx_HAL_Driver/Src/stm32f1xx_hal_dma.o
 .ARM.attributes
                0x00000000000002e7       0x2d ./Drivers/STM32F1xx_HAL_Driver/Src/stm32f1xx_hal_gpio.o
 .ARM.attributes
                0x0000000000000314       0x2d ./Drivers/STM32F1xx_HAL_Driver/Src/stm32f1xx_hal_rcc.o
 .ARM.attributes
                0x0000000000000341       0x2d ./Drivers/STM32F1xx_HAL_Driver/Src/stm32f1xx_hal_tim.o
 .ARM.attributes
                0x000000000000036e       0x2d ./Drivers/STM32F1xx_HAL_Driver/Src/stm32f1xx_hal_tim_ex.o
 .ARM.attributes
                0x000000000000039b       0x2d ./Drivers/STM32F1xx_HAL_Driver/Src/stm32f1xx_hal_uart.o
 .ARM.attributes
                0x00000000000003c8       0x2d c:/st/stm32cubeide_1.7.0/stm32cubeide/plugins/com.st.stm32cube.ide.mcu.externaltools.gnu-tools-for-stm32.9-2020-q2-update.win32_2.0.0.202105311346/tools/bin/../lib/gcc/arm-none-eabi/9.3.1/../../../../arm-none-eabi/lib/thumb/v7-m/nofp\libc_nano.a(lib_a-init.o)
 .ARM.attributes
                0x00000000000003f5       0x2d c:/st/stm32cubeide_1.7.0/stm32cubeide/plugins/com.st.stm32cube.ide.mcu.externaltools.gnu-tools-for-stm32.9-2020-q2-update.win32_2.0.0.202105311346/tools/bin/../lib/gcc/arm-none-eabi/9.3.1/../../../../arm-none-eabi/lib/thumb/v7-m/nofp\libc_nano.a(lib_a-memset.o)
 .ARM.attributes
                0x0000000000000422       0x1d c:/st/stm32cubeide_1.7.0/stm32cubeide/plugins/com.st.stm32cube.ide.mcu.externaltools.gnu-tools-for-stm32.9-2020-q2-update.win32_2.0.0.202105311346/tools/bin/../lib/gcc/arm-none-eabi/9.3.1/thumb/v7-m/nofp/crtn.o
OUTPUT(project_MCU.elf elf32-littlearm)
LOAD linker stubs
LOAD c:/st/stm32cubeide_1.7.0/stm32cubeide/plugins/com.st.stm32cube.ide.mcu.externaltools.gnu-tools-for-stm32.9-2020-q2-update.win32_2.0.0.202105311346/tools/bin/../lib/gcc/arm-none-eabi/9.3.1/../../../../arm-none-eabi/lib/thumb/v7-m/nofp\libc.a
LOAD c:/st/stm32cubeide_1.7.0/stm32cubeide/plugins/com.st.stm32cube.ide.mcu.externaltools.gnu-tools-for-stm32.9-2020-q2-update.win32_2.0.0.202105311346/tools/bin/../lib/gcc/arm-none-eabi/9.3.1/../../../../arm-none-eabi/lib/thumb/v7-m/nofp\libm.a
LOAD c:/st/stm32cubeide_1.7.0/stm32cubeide/plugins/com.st.stm32cube.ide.mcu.externaltools.gnu-tools-for-stm32.9-2020-q2-update.win32_2.0.0.202105311346/tools/bin/../lib/gcc/arm-none-eabi/9.3.1/thumb/v7-m/nofp\libgcc.a

.debug_info     0x0000000000000000    0x11350
 .debug_info    0x0000000000000000      0xd00 ./Core/Src/button.o
 .debug_info    0x0000000000000d00      0xb50 ./Core/Src/fsm_manual.o
 .debug_info    0x0000000000001850      0xb50 ./Core/Src/fsm_traffic_light.o
 .debug_info    0x00000000000023a0      0xbc2 ./Core/Src/global.o
 .debug_info    0x0000000000002f62     0x18ad ./Core/Src/main.o
 .debug_info    0x000000000000480f      0x2ab ./Core/Src/physical.o
 .debug_info    0x0000000000004aba      0xb8b ./Core/Src/scheduler.o
 .debug_info    0x0000000000005645      0x27d ./Core/Src/software_timer.o
 .debug_info    0x00000000000058c2      0xec8 ./Core/Src/stm32f1xx_hal_msp.o
 .debug_info    0x000000000000678a      0xa69 ./Core/Src/stm32f1xx_it.o
 .debug_info    0x00000000000071f3      0x2be ./Core/Src/system_stm32f1xx.o
 .debug_info    0x00000000000074b1       0x22 ./Core/Startup/startup_stm32f103rbtx.o
 .debug_info    0x00000000000074d3      0x76a ./Drivers/STM32F1xx_HAL_Driver/Src/stm32f1xx_hal.o
 .debug_info    0x0000000000007c3d      0xbdc ./Drivers/STM32F1xx_HAL_Driver/Src/stm32f1xx_hal_cortex.o
 .debug_info    0x0000000000008819      0x823 ./Drivers/STM32F1xx_HAL_Driver/Src/stm32f1xx_hal_dma.o
 .debug_info    0x000000000000903c      0x701 ./Drivers/STM32F1xx_HAL_Driver/Src/stm32f1xx_hal_gpio.o
 .debug_info    0x000000000000973d      0x893 ./Drivers/STM32F1xx_HAL_Driver/Src/stm32f1xx_hal_rcc.o
 .debug_info    0x0000000000009fd0     0x2c12 ./Drivers/STM32F1xx_HAL_Driver/Src/stm32f1xx_hal_tim.o
 .debug_info    0x000000000000cbe2     0x157f ./Drivers/STM32F1xx_HAL_Driver/Src/stm32f1xx_hal_tim_ex.o
 .debug_info    0x000000000000e161     0x31ef ./Drivers/STM32F1xx_HAL_Driver/Src/stm32f1xx_hal_uart.o

.debug_abbrev   0x0000000000000000     0x269b
 .debug_abbrev  0x0000000000000000      0x252 ./Core/Src/button.o
 .debug_abbrev  0x0000000000000252      0x1b5 ./Core/Src/fsm_manual.o
 .debug_abbrev  0x0000000000000407      0x1b5 ./Core/Src/fsm_traffic_light.o
 .debug_abbrev  0x00000000000005bc      0x1a8 ./Core/Src/global.o
 .debug_abbrev  0x0000000000000764      0x2f7 ./Core/Src/main.o
 .debug_abbrev  0x0000000000000a5b       0xff ./Core/Src/physical.o
 .debug_abbrev  0x0000000000000b5a      0x28e ./Core/Src/scheduler.o
 .debug_abbrev  0x0000000000000de8       0xb6 ./Core/Src/software_timer.o
 .debug_abbrev  0x0000000000000e9e      0x1f5 ./Core/Src/stm32f1xx_hal_msp.o
 .debug_abbrev  0x0000000000001093      0x176 ./Core/Src/stm32f1xx_it.o
 .debug_abbrev  0x0000000000001209      0x14e ./Core/Src/system_stm32f1xx.o
 .debug_abbrev  0x0000000000001357       0x12 ./Core/Startup/startup_stm32f103rbtx.o
 .debug_abbrev  0x0000000000001369      0x1ed ./Drivers/STM32F1xx_HAL_Driver/Src/stm32f1xx_hal.o
 .debug_abbrev  0x0000000000001556      0x313 ./Drivers/STM32F1xx_HAL_Driver/Src/stm32f1xx_hal_cortex.o
 .debug_abbrev  0x0000000000001869      0x228 ./Drivers/STM32F1xx_HAL_Driver/Src/stm32f1xx_hal_dma.o
 .debug_abbrev  0x0000000000001a91      0x1e8 ./Drivers/STM32F1xx_HAL_Driver/Src/stm32f1xx_hal_gpio.o
 .debug_abbrev  0x0000000000001c79      0x273 ./Drivers/STM32F1xx_HAL_Driver/Src/stm32f1xx_hal_rcc.o
 .debug_abbrev  0x0000000000001eec      0x25e ./Drivers/STM32F1xx_HAL_Driver/Src/stm32f1xx_hal_tim.o
 .debug_abbrev  0x000000000000214a      0x266 ./Drivers/STM32F1xx_HAL_Driver/Src/stm32f1xx_hal_tim_ex.o
 .debug_abbrev  0x00000000000023b0      0x2eb ./Drivers/STM32F1xx_HAL_Driver/Src/stm32f1xx_hal_uart.o

.debug_aranges  0x0000000000000000      0xd80
 .debug_aranges
                0x0000000000000000       0x30 ./Core/Src/button.o
 .debug_aranges
                0x0000000000000030       0x20 ./Core/Src/fsm_manual.o
 .debug_aranges
                0x0000000000000050       0x20 ./Core/Src/fsm_traffic_light.o
 .debug_aranges
                0x0000000000000070       0x18 ./Core/Src/global.o
 .debug_aranges
                0x0000000000000088       0x58 ./Core/Src/main.o
 .debug_aranges
                0x00000000000000e0       0x50 ./Core/Src/physical.o
 .debug_aranges
                0x0000000000000130       0x50 ./Core/Src/scheduler.o
 .debug_aranges
                0x0000000000000180       0x58 ./Core/Src/software_timer.o
 .debug_aranges
                0x00000000000001d8       0x58 ./Core/Src/stm32f1xx_hal_msp.o
 .debug_aranges
                0x0000000000000230       0x78 ./Core/Src/stm32f1xx_it.o
 .debug_aranges
                0x00000000000002a8       0x28 ./Core/Src/system_stm32f1xx.o
 .debug_aranges
                0x00000000000002d0       0x28 ./Core/Startup/startup_stm32f103rbtx.o
 .debug_aranges
                0x00000000000002f8       0xe0 ./Drivers/STM32F1xx_HAL_Driver/Src/stm32f1xx_hal.o
 .debug_aranges
                0x00000000000003d8      0x100 ./Drivers/STM32F1xx_HAL_Driver/Src/stm32f1xx_hal_cortex.o
 .debug_aranges
                0x00000000000004d8       0x80 ./Drivers/STM32F1xx_HAL_Driver/Src/stm32f1xx_hal_dma.o
 .debug_aranges
                0x0000000000000558       0x58 ./Drivers/STM32F1xx_HAL_Driver/Src/stm32f1xx_hal_gpio.o
 .debug_aranges
                0x00000000000005b0       0x90 ./Drivers/STM32F1xx_HAL_Driver/Src/stm32f1xx_hal_rcc.o
 .debug_aranges
                0x0000000000000640      0x3d0 ./Drivers/STM32F1xx_HAL_Driver/Src/stm32f1xx_hal_tim.o
 .debug_aranges
                0x0000000000000a10      0x168 ./Drivers/STM32F1xx_HAL_Driver/Src/stm32f1xx_hal_tim_ex.o
 .debug_aranges
                0x0000000000000b78      0x208 ./Drivers/STM32F1xx_HAL_Driver/Src/stm32f1xx_hal_uart.o

.debug_ranges   0x0000000000000000      0xc70
 .debug_ranges  0x0000000000000000       0x20 ./Core/Src/button.o
 .debug_ranges  0x0000000000000020       0x10 ./Core/Src/fsm_manual.o
 .debug_ranges  0x0000000000000030       0x10 ./Core/Src/fsm_traffic_light.o
 .debug_ranges  0x0000000000000040       0x48 ./Core/Src/main.o
 .debug_ranges  0x0000000000000088       0x40 ./Core/Src/physical.o
 .debug_ranges  0x00000000000000c8       0x40 ./Core/Src/scheduler.o
 .debug_ranges  0x0000000000000108       0x48 ./Core/Src/software_timer.o
 .debug_ranges  0x0000000000000150       0x48 ./Core/Src/stm32f1xx_hal_msp.o
 .debug_ranges  0x0000000000000198       0x68 ./Core/Src/stm32f1xx_it.o
 .debug_ranges  0x0000000000000200       0x18 ./Core/Src/system_stm32f1xx.o
 .debug_ranges  0x0000000000000218       0x20 ./Core/Startup/startup_stm32f103rbtx.o
 .debug_ranges  0x0000000000000238       0xd0 ./Drivers/STM32F1xx_HAL_Driver/Src/stm32f1xx_hal.o
 .debug_ranges  0x0000000000000308       0xf0 ./Drivers/STM32F1xx_HAL_Driver/Src/stm32f1xx_hal_cortex.o
 .debug_ranges  0x00000000000003f8       0x70 ./Drivers/STM32F1xx_HAL_Driver/Src/stm32f1xx_hal_dma.o
 .debug_ranges  0x0000000000000468       0x48 ./Drivers/STM32F1xx_HAL_Driver/Src/stm32f1xx_hal_gpio.o
 .debug_ranges  0x00000000000004b0       0x80 ./Drivers/STM32F1xx_HAL_Driver/Src/stm32f1xx_hal_rcc.o
 .debug_ranges  0x0000000000000530      0x3c0 ./Drivers/STM32F1xx_HAL_Driver/Src/stm32f1xx_hal_tim.o
 .debug_ranges  0x00000000000008f0      0x158 ./Drivers/STM32F1xx_HAL_Driver/Src/stm32f1xx_hal_tim_ex.o
 .debug_ranges  0x0000000000000a48      0x228 ./Drivers/STM32F1xx_HAL_Driver/Src/stm32f1xx_hal_uart.o

.debug_macro    0x0000000000000000    0x190af
 .debug_macro   0x0000000000000000      0x385 ./Core/Src/button.o
 .debug_macro   0x0000000000000385      0xa9c ./Core/Src/button.o
 .debug_macro   0x0000000000000e21      0x21b ./Core/Src/button.o
 .debug_macro   0x000000000000103c       0x2e ./Core/Src/button.o
 .debug_macro   0x000000000000106a       0x22 ./Core/Src/button.o
 .debug_macro   0x000000000000108c       0x22 ./Core/Src/button.o
 .debug_macro   0x00000000000010ae       0x8e ./Core/Src/button.o
 .debug_macro   0x000000000000113c       0x51 ./Core/Src/button.o
 .debug_macro   0x000000000000118d      0x103 ./Core/Src/button.o
 .debug_macro   0x0000000000001290       0x6a ./Core/Src/button.o
 .debug_macro   0x00000000000012fa      0x1df ./Core/Src/button.o
 .debug_macro   0x00000000000014d9       0x1c ./Core/Src/button.o
 .debug_macro   0x00000000000014f5       0x22 ./Core/Src/button.o
 .debug_macro   0x0000000000001517       0xc3 ./Core/Src/button.o
 .debug_macro   0x00000000000015da      0xd23 ./Core/Src/button.o
 .debug_macro   0x00000000000022fd     0xe09e ./Core/Src/button.o
 .debug_macro   0x000000000001039b       0x6d ./Core/Src/button.o
 .debug_macro   0x0000000000010408     0x348d ./Core/Src/button.o
 .debug_macro   0x0000000000013895      0x174 ./Core/Src/button.o
 .debug_macro   0x0000000000013a09       0x5c ./Core/Src/button.o
 .debug_macro   0x0000000000013a65      0x5bc ./Core/Src/button.o
 .debug_macro   0x0000000000014021      0x289 ./Core/Src/button.o
 .debug_macro   0x00000000000142aa      0x1cb ./Core/Src/button.o
 .debug_macro   0x0000000000014475      0x114 ./Core/Src/button.o
 .debug_macro   0x0000000000014589      0x1b2 ./Core/Src/button.o
 .debug_macro   0x000000000001473b       0x27 ./Core/Src/button.o
 .debug_macro   0x0000000000014762      0x136 ./Core/Src/button.o
 .debug_macro   0x0000000000014898      0x1bc ./Core/Src/button.o
 .debug_macro   0x0000000000014a54       0x34 ./Core/Src/button.o
 .debug_macro   0x0000000000014a88       0x3c ./Core/Src/button.o
 .debug_macro   0x0000000000014ac4       0x57 ./Core/Src/button.o
 .debug_macro   0x0000000000014b1b       0x87 ./Core/Src/button.o
 .debug_macro   0x0000000000014ba2      0x240 ./Core/Src/button.o
 .debug_macro   0x0000000000014de2      0x140 ./Core/Src/button.o
 .debug_macro   0x0000000000014f22      0x8ed ./Core/Src/button.o
 .debug_macro   0x000000000001580f      0x28e ./Core/Src/button.o
 .debug_macro   0x0000000000015a9d       0x83 ./Core/Src/button.o
 .debug_macro   0x0000000000015b20       0x88 ./Core/Src/button.o
 .debug_macro   0x0000000000015ba8       0x52 ./Core/Src/button.o
 .debug_macro   0x0000000000015bfa       0x18 ./Core/Src/button.o
 .debug_macro   0x0000000000015c12       0x3c ./Core/Src/button.o
 .debug_macro   0x0000000000015c4e       0x34 ./Core/Src/button.o
 .debug_macro   0x0000000000015c82       0x16 ./Core/Src/button.o
 .debug_macro   0x0000000000015c98       0x35 ./Core/Src/button.o
 .debug_macro   0x0000000000015ccd      0x333 ./Core/Src/button.o
 .debug_macro   0x0000000000016000       0x10 ./Core/Src/button.o
 .debug_macro   0x0000000000016010       0x16 ./Core/Src/button.o
 .debug_macro   0x0000000000016026       0x43 ./Core/Src/button.o
 .debug_macro   0x0000000000016069       0x34 ./Core/Src/button.o
 .debug_macro   0x000000000001609d       0x10 ./Core/Src/button.o
 .debug_macro   0x00000000000160ad       0x58 ./Core/Src/button.o
 .debug_macro   0x0000000000016105       0x71 ./Core/Src/button.o
 .debug_macro   0x0000000000016176       0x1c ./Core/Src/button.o
 .debug_macro   0x0000000000016192      0x12a ./Core/Src/button.o
 .debug_macro   0x00000000000162bc       0x10 ./Core/Src/button.o
 .debug_macro   0x00000000000162cc       0x1c ./Core/Src/button.o
 .debug_macro   0x00000000000162e8       0x52 ./Core/Src/button.o
 .debug_macro   0x000000000001633a       0x22 ./Core/Src/button.o
 .debug_macro   0x000000000001635c       0x10 ./Core/Src/button.o
 .debug_macro   0x000000000001636c       0x40 ./Core/Src/button.o
 .debug_macro   0x00000000000163ac       0xd5 ./Core/Src/button.o
 .debug_macro   0x0000000000016481       0x1c ./Core/Src/button.o
 .debug_macro   0x000000000001649d       0x3d ./Core/Src/button.o
 .debug_macro   0x00000000000164da       0x16 ./Core/Src/button.o
 .debug_macro   0x00000000000164f0      0x145 ./Core/Src/button.o
 .debug_macro   0x0000000000016635       0x16 ./Core/Src/button.o
 .debug_macro   0x000000000001664b       0x10 ./Core/Src/button.o
 .debug_macro   0x000000000001665b       0x10 ./Core/Src/button.o
 .debug_macro   0x000000000001666b       0x35 ./Core/Src/button.o
 .debug_macro   0x00000000000166a0       0x10 ./Core/Src/button.o
 .debug_macro   0x00000000000166b0       0x34 ./Core/Src/button.o
 .debug_macro   0x00000000000166e4       0x16 ./Core/Src/button.o
 .debug_macro   0x00000000000166fa      0x38f ./Core/Src/fsm_manual.o
 .debug_macro   0x0000000000016a89      0x38f ./Core/Src/fsm_traffic_light.o
 .debug_macro   0x0000000000016e18      0x385 ./Core/Src/global.o
 .debug_macro   0x000000000001719d      0x39d ./Core/Src/main.o
 .debug_macro   0x000000000001753a      0x1bc ./Core/Src/physical.o
 .debug_macro   0x00000000000176f6      0x205 ./Core/Src/scheduler.o
 .debug_macro   0x00000000000178fb       0x97 ./Core/Src/scheduler.o
 .debug_macro   0x0000000000017992      0x339 ./Core/Src/scheduler.o
 .debug_macro   0x0000000000017ccb       0xfd ./Core/Src/scheduler.o
 .debug_macro   0x0000000000017dc8       0x1b ./Core/Src/software_timer.o
 .debug_macro   0x0000000000017de3      0x1b2 ./Core/Src/stm32f1xx_hal_msp.o
 .debug_macro   0x0000000000017f95      0x1bc ./Core/Src/stm32f1xx_it.o
 .debug_macro   0x0000000000018151      0x1a3 ./Core/Src/system_stm32f1xx.o
 .debug_macro   0x00000000000182f4      0x1c7 ./Drivers/STM32F1xx_HAL_Driver/Src/stm32f1xx_hal.o
 .debug_macro   0x00000000000184bb      0x1a3 ./Drivers/STM32F1xx_HAL_Driver/Src/stm32f1xx_hal_cortex.o
 .debug_macro   0x000000000001865e      0x1a3 ./Drivers/STM32F1xx_HAL_Driver/Src/stm32f1xx_hal_dma.o
 .debug_macro   0x0000000000018801      0x20e ./Drivers/STM32F1xx_HAL_Driver/Src/stm32f1xx_hal_gpio.o
 .debug_macro   0x0000000000018a0f      0x1b5 ./Drivers/STM32F1xx_HAL_Driver/Src/stm32f1xx_hal_rcc.o
 .debug_macro   0x0000000000018bc4      0x1a4 ./Drivers/STM32F1xx_HAL_Driver/Src/stm32f1xx_hal_tim.o
 .debug_macro   0x0000000000018d68      0x1a3 ./Drivers/STM32F1xx_HAL_Driver/Src/stm32f1xx_hal_tim_ex.o
 .debug_macro   0x0000000000018f0b      0x1a4 ./Drivers/STM32F1xx_HAL_Driver/Src/stm32f1xx_hal_uart.o

.debug_line     0x0000000000000000    0x104b5
 .debug_line    0x0000000000000000      0x965 ./Core/Src/button.o
 .debug_line    0x0000000000000965      0x9d2 ./Core/Src/fsm_manual.o
 .debug_line    0x0000000000001337      0xa12 ./Core/Src/fsm_traffic_light.o
 .debug_line    0x0000000000001d49      0x8a4 ./Core/Src/global.o
 .debug_line    0x00000000000025ed      0xaa7 ./Core/Src/main.o
 .debug_line    0x0000000000003094      0x713 ./Core/Src/physical.o
 .debug_line    0x00000000000037a7      0x7bc ./Core/Src/scheduler.o
 .debug_line    0x0000000000003f63      0x1a7 ./Core/Src/software_timer.o
 .debug_line    0x000000000000410a      0x777 ./Core/Src/stm32f1xx_hal_msp.o
 .debug_line    0x0000000000004881      0x787 ./Core/Src/stm32f1xx_it.o
 .debug_line    0x0000000000005008      0x6fb ./Core/Src/system_stm32f1xx.o
 .debug_line    0x0000000000005703       0x86 ./Core/Startup/startup_stm32f103rbtx.o
 .debug_line    0x0000000000005789      0x928 ./Drivers/STM32F1xx_HAL_Driver/Src/stm32f1xx_hal.o
 .debug_line    0x00000000000060b1      0xb10 ./Drivers/STM32F1xx_HAL_Driver/Src/stm32f1xx_hal_cortex.o
 .debug_line    0x0000000000006bc1      0xd81 ./Drivers/STM32F1xx_HAL_Driver/Src/stm32f1xx_hal_dma.o
 .debug_line    0x0000000000007942      0x9c1 ./Drivers/STM32F1xx_HAL_Driver/Src/stm32f1xx_hal_gpio.o
 .debug_line    0x0000000000008303      0xd34 ./Drivers/STM32F1xx_HAL_Driver/Src/stm32f1xx_hal_rcc.o
 .debug_line    0x0000000000009037     0x33a7 ./Drivers/STM32F1xx_HAL_Driver/Src/stm32f1xx_hal_tim.o
 .debug_line    0x000000000000c3de     0x187e ./Drivers/STM32F1xx_HAL_Driver/Src/stm32f1xx_hal_tim_ex.o
 .debug_line    0x000000000000dc5c     0x2859 ./Drivers/STM32F1xx_HAL_Driver/Src/stm32f1xx_hal_uart.o

.debug_str      0x0000000000000000    0x8af47
 .debug_str     0x0000000000000000    0x87863 ./Core/Src/button.o
                                      0x87c40 (size before relaxing)
 .debug_str     0x0000000000087863       0x3b ./Core/Src/fsm_manual.o
                                      0x87bc5 (size before relaxing)
 .debug_str     0x000000000008789e       0x4c ./Core/Src/fsm_traffic_light.o
                                      0x87bd6 (size before relaxing)
 .debug_str     0x00000000000878ea       0x15 ./Core/Src/global.o
                                      0x87b9f (size before relaxing)
 .debug_str     0x00000000000878ff      0x96c ./Core/Src/main.o
                                      0x8861d (size before relaxing)
 .debug_str     0x000000000008826b       0x52 ./Core/Src/physical.o
                                      0x83897 (size before relaxing)
 .debug_str     0x00000000000882bd       0xe4 ./Core/Src/scheduler.o
                                       0x82c6 (size before relaxing)
 .debug_str     0x00000000000883a1       0xde ./Core/Src/software_timer.o
                                       0x2e93 (size before relaxing)
 .debug_str     0x000000000008847f      0x365 ./Core/Src/stm32f1xx_hal_msp.o
                                      0x8432c (size before relaxing)
 .debug_str     0x00000000000887e4       0xef ./Core/Src/stm32f1xx_it.o
                                      0x83fca (size before relaxing)
 .debug_str     0x00000000000888d3       0x52 ./Core/Src/system_stm32f1xx.o
                                      0x836a1 (size before relaxing)
 .debug_str     0x0000000000088925       0x36 ./Core/Startup/startup_stm32f103rbtx.o
                                         0x5d (size before relaxing)
 .debug_str     0x000000000008895b      0x304 ./Drivers/STM32F1xx_HAL_Driver/Src/stm32f1xx_hal.o
                                      0x83d32 (size before relaxing)
 .debug_str     0x0000000000088c5f      0x300 ./Drivers/STM32F1xx_HAL_Driver/Src/stm32f1xx_hal_cortex.o
                                      0x83d3a (size before relaxing)
 .debug_str     0x0000000000088f5f      0x235 ./Drivers/STM32F1xx_HAL_Driver/Src/stm32f1xx_hal_dma.o
                                      0x83a7c (size before relaxing)
 .debug_str     0x0000000000089194      0x31f ./Drivers/STM32F1xx_HAL_Driver/Src/stm32f1xx_hal_gpio.o
                                      0x83a65 (size before relaxing)
 .debug_str     0x00000000000894b3      0x24f ./Drivers/STM32F1xx_HAL_Driver/Src/stm32f1xx_hal_rcc.o
                                      0x83a9e (size before relaxing)
 .debug_str     0x0000000000089702      0xd3e ./Drivers/STM32F1xx_HAL_Driver/Src/stm32f1xx_hal_tim.o
                                      0x84a77 (size before relaxing)
 .debug_str     0x000000000008a440      0x4ee ./Drivers/STM32F1xx_HAL_Driver/Src/stm32f1xx_hal_tim_ex.o
                                      0x84228 (size before relaxing)
 .debug_str     0x000000000008a92e      0x619 ./Drivers/STM32F1xx_HAL_Driver/Src/stm32f1xx_hal_uart.o
                                      0x840f6 (size before relaxing)

.comment        0x0000000000000000       0x53
 .comment       0x0000000000000000       0x53 ./Core/Src/button.o
                                         0x54 (size before relaxing)
 .comment       0x0000000000000053       0x54 ./Core/Src/fsm_manual.o
 .comment       0x0000000000000053       0x54 ./Core/Src/fsm_traffic_light.o
 .comment       0x0000000000000053       0x54 ./Core/Src/global.o
 .comment       0x0000000000000053       0x54 ./Core/Src/main.o
 .comment       0x0000000000000053       0x54 ./Core/Src/physical.o
 .comment       0x0000000000000053       0x54 ./Core/Src/scheduler.o
 .comment       0x0000000000000053       0x54 ./Core/Src/software_timer.o
 .comment       0x0000000000000053       0x54 ./Core/Src/stm32f1xx_hal_msp.o
 .comment       0x0000000000000053       0x54 ./Core/Src/stm32f1xx_it.o
 .comment       0x0000000000000053       0x54 ./Core/Src/system_stm32f1xx.o
 .comment       0x0000000000000053       0x54 ./Drivers/STM32F1xx_HAL_Driver/Src/stm32f1xx_hal.o
 .comment       0x0000000000000053       0x54 ./Drivers/STM32F1xx_HAL_Driver/Src/stm32f1xx_hal_cortex.o
 .comment       0x0000000000000053       0x54 ./Drivers/STM32F1xx_HAL_Driver/Src/stm32f1xx_hal_dma.o
 .comment       0x0000000000000053       0x54 ./Drivers/STM32F1xx_HAL_Driver/Src/stm32f1xx_hal_gpio.o
 .comment       0x0000000000000053       0x54 ./Drivers/STM32F1xx_HAL_Driver/Src/stm32f1xx_hal_rcc.o
 .comment       0x0000000000000053       0x54 ./Drivers/STM32F1xx_HAL_Driver/Src/stm32f1xx_hal_tim.o
 .comment       0x0000000000000053       0x54 ./Drivers/STM32F1xx_HAL_Driver/Src/stm32f1xx_hal_tim_ex.o
 .comment       0x0000000000000053       0x54 ./Drivers/STM32F1xx_HAL_Driver/Src/stm32f1xx_hal_uart.o

.debug_frame    0x0000000000000000     0x3658
 .debug_frame   0x0000000000000000       0x84 ./Core/Src/button.o
 .debug_frame   0x0000000000000084       0x2c ./Core/Src/fsm_manual.o
 .debug_frame   0x00000000000000b0       0x2c ./Core/Src/fsm_traffic_light.o
 .debug_frame   0x00000000000000dc      0x114 ./Core/Src/main.o
 .debug_frame   0x00000000000001f0       0xd4 ./Core/Src/physical.o
 .debug_frame   0x00000000000002c4      0x11c ./Core/Src/scheduler.o
 .debug_frame   0x00000000000003e0      0x148 ./Core/Src/software_timer.o
 .debug_frame   0x0000000000000528      0x134 ./Core/Src/stm32f1xx_hal_msp.o
 .debug_frame   0x000000000000065c      0x158 ./Core/Src/stm32f1xx_it.o
 .debug_frame   0x00000000000007b4       0x58 ./Core/Src/system_stm32f1xx.o
 .debug_frame   0x000000000000080c      0x334 ./Drivers/STM32F1xx_HAL_Driver/Src/stm32f1xx_hal.o
 .debug_frame   0x0000000000000b40      0x428 ./Drivers/STM32F1xx_HAL_Driver/Src/stm32f1xx_hal_cortex.o
 .debug_frame   0x0000000000000f68      0x208 ./Drivers/STM32F1xx_HAL_Driver/Src/stm32f1xx_hal_dma.o
 .debug_frame   0x0000000000001170      0x14c ./Drivers/STM32F1xx_HAL_Driver/Src/stm32f1xx_hal_gpio.o
 .debug_frame   0x00000000000012bc      0x218 ./Drivers/STM32F1xx_HAL_Driver/Src/stm32f1xx_hal_rcc.o
 .debug_frame   0x00000000000014d4     0x11bc ./Drivers/STM32F1xx_HAL_Driver/Src/stm32f1xx_hal_tim.o
 .debug_frame   0x0000000000002690      0x638 ./Drivers/STM32F1xx_HAL_Driver/Src/stm32f1xx_hal_tim_ex.o
 .debug_frame   0x0000000000002cc8      0x944 ./Drivers/STM32F1xx_HAL_Driver/Src/stm32f1xx_hal_uart.o
 .debug_frame   0x000000000000360c       0x2c c:/st/stm32cubeide_1.7.0/stm32cubeide/plugins/com.st.stm32cube.ide.mcu.externaltools.gnu-tools-for-stm32.9-2020-q2-update.win32_2.0.0.202105311346/tools/bin/../lib/gcc/arm-none-eabi/9.3.1/../../../../arm-none-eabi/lib/thumb/v7-m/nofp\libc_nano.a(lib_a-init.o)
 .debug_frame   0x0000000000003638       0x20 c:/st/stm32cubeide_1.7.0/stm32cubeide/plugins/com.st.stm32cube.ide.mcu.externaltools.gnu-tools-for-stm32.9-2020-q2-update.win32_2.0.0.202105311346/tools/bin/../lib/gcc/arm-none-eabi/9.3.1/../../../../arm-none-eabi/lib/thumb/v7-m/nofp\libc_nano.a(lib_a-memset.o)

.stabstr        0x0000000000000000       0x4e
 .stabstr       0x0000000000000000       0x4e c:/st/stm32cubeide_1.7.0/stm32cubeide/plugins/com.st.stm32cube.ide.mcu.externaltools.gnu-tools-for-stm32.9-2020-q2-update.win32_2.0.0.202105311346/tools/bin/../lib/gcc/arm-none-eabi/9.3.1/../../../../arm-none-eabi/lib/thumb/v7-m/nofp\libnosys.a(gettod.o)
